Component: ARM Compiler 5.06 update 4 (build 422) Tool: armlink [4d35d2]

==============================================================================

Section Cross References

    main.o(.text) refers to _printf_truncate.o(.text) for _printf_truncate_signed
    main.o(.text) refers to _printf_percent.o(.ARM.Collect$$_printf_percent$$00000000) for _printf_percent
    main.o(.text) refers to _printf_d.o(.ARM.Collect$$_printf_percent$$00000009) for _printf_d
    main.o(.text) refers to _printf_x.o(.ARM.Collect$$_printf_percent$$0000000C) for _printf_x
    main.o(.text) refers to _printf_dec.o(.text) for _printf_int_dec
    main.o(.text) refers to _printf_hex_int.o(.text) for _printf_longlong_hex
    main.o(.text) refers to w5500.o(.text) for W5500_Init
    main.o(.text) refers to rt_memcpy_v6.o(.text) for __aeabi_memcpy
    main.o(.text) refers to stm32f10x_iwdg.o(.text) for IWDG_WriteAccessCmd
    main.o(.text) refers to stm32f10x_rcc.o(.text) for RCC_APB1PeriphClockCmd
    main.o(.text) refers to stm32f10x_tim.o(.text) for TIM_TimeBaseInit
    main.o(.text) refers to misc.o(.text) for NVIC_SetVectorTable
    main.o(.text) refers to stm32f10x_flash.o(.text) for FLASH_PrefetchBufferCmd
    main.o(.text) refers to stmflash.o(.text) for STMFLASH_Read
    main.o(.text) refers to main.o(.bss) for SetIP_User
    main.o(.text) refers to w5500.o(.data) for Gateway_IP
    main.o(.text) refers to w5500.o(.bss) for Rx_Buffer
    main.o(.text) refers to main.o(.data) for SetIP_Default
    main.o(.text) refers to stm32f10x_gpio.o(.text) for GPIO_ReadInputDataBit
    main.o(.text) refers to rt_memclr_w.o(.text) for __aeabi_memclr4
    main.o(.text) refers to strtok.o(.text) for strtok
    main.o(.text) refers to strlen.o(.text) for strlen
    main.o(.text) refers to strncmp.o(.text) for strncmp
    main.o(.text) refers to atoi.o(.text) for atoi
    main.o(.text) refers to noretval__2snprintf.o(.text) for __2snprintf
    main.o(.text) refers to main.o(.conststring) for .conststring
    w5500.o(.text) refers to stm32f10x_gpio.o(.text) for GPIO_Init
    w5500.o(.text) refers to stm32f10x_rcc.o(.text) for RCC_APB2PeriphClockCmd
    w5500.o(.text) refers to stm32f10x_spi.o(.text) for SPI_Init
    w5500.o(.text) refers to main.o(.text) for Delay
    w5500.o(.text) refers to w5500.o(.data) for UDP_DIPR
    stmflash.o(.text) refers to stm32f10x_flash.o(.text) for FLASH_ProgramHalfWord
    stmflash.o(.text) refers to stmflash.o(.bss) for STMFLASH_BUF
    stm32f10x_adc.o(.text) refers to stm32f10x_rcc.o(.text) for RCC_APB2PeriphResetCmd
    stm32f10x_bkp.o(.text) refers to stm32f10x_rcc.o(.text) for RCC_BackupResetCmd
    stm32f10x_can.o(.text) refers to stm32f10x_rcc.o(.text) for RCC_APB1PeriphResetCmd
    stm32f10x_cec.o(.text) refers to stm32f10x_rcc.o(.text) for RCC_APB1PeriphResetCmd
    stm32f10x_dac.o(.text) refers to stm32f10x_rcc.o(.text) for RCC_APB1PeriphResetCmd
    stm32f10x_gpio.o(.text) refers to stm32f10x_rcc.o(.text) for RCC_APB2PeriphResetCmd
    stm32f10x_i2c.o(.text) refers to stm32f10x_rcc.o(.text) for RCC_APB1PeriphResetCmd
    stm32f10x_pwr.o(.text) refers to stm32f10x_rcc.o(.text) for RCC_APB1PeriphResetCmd
    stm32f10x_rcc.o(.text) refers to stm32f10x_rcc.o(.data) for APBAHBPrescTable
    stm32f10x_spi.o(.text) refers to stm32f10x_rcc.o(.text) for RCC_APB2PeriphResetCmd
    stm32f10x_tim.o(.text) refers to stm32f10x_rcc.o(.text) for RCC_APB2PeriphResetCmd
    stm32f10x_usart.o(.text) refers to stm32f10x_rcc.o(.text) for RCC_APB2PeriphResetCmd
    stm32f10x_wwdg.o(.text) refers to stm32f10x_rcc.o(.text) for RCC_APB1PeriphResetCmd
    system_stm32f10x.o(.text) refers to system_stm32f10x.o(.data) for SystemCoreClock
    startup_stm32f10x_md.o(STACK) refers (Special) to heapauxi.o(.text) for __use_two_region_memory
    startup_stm32f10x_md.o(HEAP) refers (Special) to heapauxi.o(.text) for __use_two_region_memory
    startup_stm32f10x_md.o(RESET) refers (Special) to heapauxi.o(.text) for __use_two_region_memory
    startup_stm32f10x_md.o(RESET) refers to startup_stm32f10x_md.o(STACK) for __initial_sp
    startup_stm32f10x_md.o(RESET) refers to startup_stm32f10x_md.o(.text) for Reset_Handler
    startup_stm32f10x_md.o(RESET) refers to stm32f10x_it.o(.text) for NMI_Handler
    startup_stm32f10x_md.o(RESET) refers to main.o(.text) for TIM2_IRQHandler
    startup_stm32f10x_md.o(.text) refers (Special) to heapauxi.o(.text) for __use_two_region_memory
    startup_stm32f10x_md.o(.text) refers to system_stm32f10x.o(.text) for SystemInit
    startup_stm32f10x_md.o(.text) refers to __main.o(!!!main) for __main
    startup_stm32f10x_md.o(.text) refers to startup_stm32f10x_md.o(HEAP) for Heap_Mem
    startup_stm32f10x_md.o(.text) refers to startup_stm32f10x_md.o(STACK) for Stack_Mem
    __2snprintf.o(.text) refers to _printf_char_common.o(.text) for _printf_char_common
    __2snprintf.o(.text) refers to _sputc.o(.text) for _sputc
    __2snprintf.o(.text) refers to _snputc.o(.text) for _snputc
[...]
    defsig_segv_inner.o(.text) refers to defsig_general.o(.text) for __default_signal_display
    defsig_other.o(.text) refers to defsig_general.o(.text) for __default_signal_display


==============================================================================

Removing Unused input sections from the image.

    Removing stm32f10x_adc.o(.text), (1102 bytes).
    Removing stm32f10x_bkp.o(.text), (196 bytes).
    Removing stm32f10x_can.o(.text), (2544 bytes).
    Removing stm32f10x_cec.o(.text), (288 bytes).
    Removing stm32f10x_crc.o(.text), (72 bytes).
    Removing stm32f10x_dac.o(.text), (396 bytes).
    Removing stm32f10x_dbgmcu.o(.text), (48 bytes).
    Removing stm32f10x_dma.o(.text), (596 bytes).
    Removing stm32f10x_exti.o(.text), (284 bytes).
    Removing stm32f10x_fsmc.o(.text), (1548 bytes).
    Removing stm32f10x_i2c.o(.text), (1028 bytes).
    Removing stm32f10x_pwr.o(.text), (204 bytes).
    Removing stm32f10x_rtc.o(.text), (328 bytes).
    Removing stm32f10x_sdio.o(.text), (468 bytes).
    Removing stm32f10x_usart.o(.text), (1032 bytes).
    Removing stm32f10x_wwdg.o(.text), (136 bytes).
    Removing core_cm3.o(.emb_text), (32 bytes).

17 unused section(s) (total 10302 bytes) removed from the image.

==============================================================================

Image Symbol Table

    Local Symbols

    Symbol Name                              Value     Ov Type        Size  Object(Section)

    ../clib/angel/boardlib.s                 0x00000000   Number         0  boardinit1.o ABSOLUTE
    ../clib/angel/boardlib.s                 0x00000000   Number         0  boardinit2.o ABSOLUTE
    ../clib/angel/boardlib.s                 0x00000000   Number         0  boardinit3.o ABSOLUTE
    ../clib/angel/boardlib.s                 0x00000000   Number         0  boardshut.o ABSOLUTE
    ../clib/angel/handlers.s                 0x00000000   Number         0  __scatter_copy.o ABSOLUTE
    ../clib/angel/handlers.s                 0x00000000   Number         0  __scatter_zi.o ABSOLUTE
    ../clib/angel/kernel.s                   0x00000000   Number         0  __rtentry2.o ABSOLUTE
    ../clib/angel/kernel.s                   0x00000000   Number         0  __rtentry4.o ABSOLUTE
    ../clib/angel/kernel.s                   0x00000000   Number         0  __rtentry.o ABSOLUTE
    ../clib/angel/kernel.s                   0x00000000   Number         0  rtexit2.o ABSOLUTE
    ../clib/angel/kernel.s                   0x00000000   Number         0  rtexit.o ABSOLUTE
    ../clib/angel/rt.s                       0x00000000   Number         0  rt_locale_intlibspace.o ABSOLUTE
    ../clib/angel/rt.s                       0x00000000   Number         0  rt_raise.o ABSOLUTE
    ../clib/angel/rt.s                       0x00000000   Number         0  rt_errno_addr.o ABSOLUTE
    ../clib/angel/rt.s                       0x00000000   Number         0  rt_locale.o ABSOLUTE
    ../clib/angel/rt.s                       0x00000000   Number         0  rt_ctype_table.o ABSOLUTE
    ../clib/angel/rt.s                       0x00000000   Number         0  rt_errno_addr_intlibspace.o ABSOLUTE
    ../clib/angel/scatter.s                  0x00000000   Number         0  __scatter.o ABSOLUTE
    ../clib/angel/startup.s                  0x00000000   Number         0  __main.o ABSOLUTE
    ../clib/angel/sys.s                      0x00000000   Number         0  libspace.o ABSOLUTE
    ../clib/angel/sys.s                      0x00000000   Number         0  sys_stackheap_outer.o ABSOLUTE
    ../clib/angel/sys.s                      0x00000000   Number         0  use_no_semi.o ABSOLUTE
    ../clib/angel/sys.s                      0x00000000   Number         0  indicate_semi.o ABSOLUTE
    ../clib/angel/sysapp.c                   0x00000000   Number         0  sys_wrch.o ABSOLUTE
    ../clib/angel/sysapp.c                   0x00000000   Number         0  sys_command.o ABSOLUTE
    ../clib/angel/sysapp.c                   0x00000000   Number         0  sys_exit.o ABSOLUTE
    ../clib/armsys.c                         0x00000000   Number         0  _get_argv_nomalloc.o ABSOLUTE
    ../clib/armsys.c                         0x00000000   Number         0  no_argv.o ABSOLUTE
    ../clib/armsys.c                         0x00000000   Number         0  argv_veneer.o ABSOLUTE
    ../clib/armsys.c                         0x00000000   Number         0  argv_veneer.o ABSOLUTE
    ../clib/heapalloc.c                      0x00000000   Number         0  hrguard.o ABSOLUTE
    ../clib/heapaux.c                        0x00000000   Number         0  heapauxi.o ABSOLUTE
    ../clib/libinit.s                        0x00000000   Number         0  libshutdown2.o ABSOLUTE
    ../clib/libinit.s                        0x00000000   Number         0  libshutdown.o ABSOLUTE
    ../clib/libinit.s                        0x00000000   Number         0  libinit.o ABSOLUTE
    ../clib/libinit.s                        0x00000000   Number         0  libinit2.o ABSOLUTE
    ../clib/locale.s                         0x00000000   Number         0  lc_ctype_c.o ABSOLUTE
    ../clib/memcpset.s                       0x00000000   Number         0  rt_memcpy_w.o ABSOLUTE
    ../clib/memcpset.s                       0x00000000   Number         0  rt_memclr_w.o ABSOLUTE
    ../clib/memcpset.s                       0x00000000   Number         0  rt_memcpy_v6.o ABSOLUTE
    ../clib/memcpset.s                       0x00000000   Number         0  strcmpv7m.o ABSOLUTE
    ../clib/misc.s                           0x00000000   Number         0  printf_stubs.o ABSOLUTE
    ../clib/printf.c                         0x00000000   Number         0  _printf_intcommon.o ABSOLUTE
    ../clib/printf.c                         0x00000000   Number         0  __printf_flags_ss_wp.o ABSOLUTE
    ../clib/printf.c                         0x00000000   Number         0  __printf_nopercent.o ABSOLUTE
    ../clib/printf.c                         0x00000000   Number         0  __printf_wp.o ABSOLUTE
    ../clib/printf.c                         0x00000000   Number         0  __printf_flags_ss.o ABSOLUTE
    ../clib/printf.c                         0x00000000   Number         0  __printf_ss.o ABSOLUTE
    ../clib/printf.c                         0x00000000   Number         0  __printf_flags.o ABSOLUTE
    ../clib/printf.c                         0x00000000   Number         0  _printf_hex_int_ll_ptr.o ABSOLUTE
    ../clib/printf.c                         0x00000000   Number         0  _printf_hex_ll_ptr.o ABSOLUTE
    ../clib/printf.c                         0x00000000   Number         0  _printf_hex_int_ptr.o ABSOLUTE
    ../clib/printf.c                         0x00000000   Number         0  _printf_hex_ptr.o ABSOLUTE
    ../clib/printf.c                         0x00000000   Number         0  _printf_hex_int_ll.o ABSOLUTE
    ../clib/printf.c                         0x00000000   Number         0  __printf_flags_wp.o ABSOLUTE
    ../clib/printf.c                         0x00000000   Number         0  __printf_ss_wp.o ABSOLUTE
    ../clib/printf.c                         0x00000000   Number         0  _printf_hex_int.o ABSOLUTE
    ../clib/printf.c                         0x00000000   Number         0  _printf_hex_ll.o ABSOLUTE
    ../clib/printf.c                         0x00000000   Number         0  __2snprintf.o ABSOLUTE
    ../clib/printf.c                         0x00000000   Number         0  noretval__2snprintf.o ABSOLUTE
    ../clib/printf.c                         0x00000000   Number         0  __printf.o ABSOLUTE
    ../clib/printf.c                         0x00000000   Number         0  _printf_truncate.o ABSOLUTE
    ../clib/printf.c                         0x00000000   Number         0  _printf_dec.o ABSOLUTE
    ../clib/printf.c                         0x00000000   Number         0  _sputc.o ABSOLUTE
    ../clib/printf.c                         0x00000000   Number         0  _snputc.o ABSOLUTE
    ../clib/printf.c                         0x00000000   Number         0  _printf_char_common.o ABSOLUTE
    ../clib/printf_percent.s                 0x00000000   Number         0  _printf_d.o ABSOLUTE
    ../clib/printf_percent.s                 0x00000000   Number         0  _printf_percent.o ABSOLUTE
    ../clib/printf_percent.s                 0x00000000   Number         0  _printf_x.o ABSOLUTE
    ../clib/printf_percent.s                 0x00000000   Number         0  _printf_percent_end.o ABSOLUTE
    ../clib/scanf.c                          0x00000000   Number         0  _chval.o ABSOLUTE
    ../clib/scanf.c                          0x00000000   Number         0  atoi.o ABSOLUTE
    ../clib/scanf.c                          0x00000000   Number         0  _strtoul.o ABSOLUTE
    ../clib/scanf.c                          0x00000000   Number         0  strtol.o ABSOLUTE
    ../clib/signal.c                         0x00000000   Number         0  defsig_rtmem_outer.o ABSOLUTE
    ../clib/signal.c                         0x00000000   Number         0  defsig_rtmem_formal.o ABSOLUTE
    ../clib/signal.c                         0x00000000   Number         0  defsig_rtmem_inner.o ABSOLUTE
    ../clib/signal.c                         0x00000000   Number         0  __raise.o ABSOLUTE
    ../clib/signal.c                         0x00000000   Number         0  defsig_general.o ABSOLUTE
    ../clib/signal.c                         0x00000000   Number         0  defsig_exit.o ABSOLUTE
    ../clib/signal.c                         0x00000000   Number         0  defsig_abrt_inner.o ABSOLUTE
    ../clib/signal.c                         0x00000000   Number         0  defsig_fpe_inner.o ABSOLUTE
    ../clib/signal.c                         0x00000000   Number         0  defsig_rtred_inner.o ABSOLUTE
    ../clib/signal.c                         0x00000000   Number         0  defsig_stak_inner.o ABSOLUTE
    ../clib/signal.c                         0x00000000   Number         0  defsig_pvfn_inner.o ABSOLUTE
    ../clib/signal.c                         0x00000000   Number         0  defsig_cppl_inner.o ABSOLUTE
    ../clib/signal.c                         0x00000000   Number         0  defsig_segv_inner.o ABSOLUTE
    ../clib/signal.c                         0x00000000   Number         0  defsig_other.o ABSOLUTE
    ../clib/signal.s                         0x00000000   Number         0  defsig.o ABSOLUTE
    ../clib/stdlib.c                         0x00000000   Number         0  exit.o ABSOLUTE
    ../clib/string.c                         0x00000000   Number         0  strspn.o ABSOLUTE
    ../clib/string.c                         0x00000000   Number         0  strtok.o ABSOLUTE
    ../clib/string.c                         0x00000000   Number         0  strcspn.o ABSOLUTE
    ../clib/string.c                         0x00000000   Number         0  strtok_int.o ABSOLUTE
    ../clib/string.c                         0x00000000   Number         0  strlen.o ABSOLUTE
    ../clib/string.c                         0x00000000   Number         0  strncmp.o ABSOLUTE
    ../fplib/fpinit.s                        0x00000000   Number         0  fpinit.o ABSOLUTE
    CMSIS\\core_cm3.c                        0x00000000   Number         0  core_cm3.o ABSOLUTE
    CMSIS\core_cm3.c                         0x00000000   Number         0  core_cm3.o ABSOLUTE
    CMSIS\startup\arm\startup_stm32f10x_md.s 0x00000000   Number         0  startup_stm32f10x_md.o ABSOLUTE
    CMSIS\system_stm32f10x.c                 0x00000000   Number         0  system_stm32f10x.o ABSOLUTE
    LIB\src\misc.c                           0x00000000   Number         0  misc.o ABSOLUTE
    LIB\src\stm32f10x_adc.c                  0x00000000   Number         0  stm32f10x_adc.o ABSOLUTE
    LIB\src\stm32f10x_bkp.c                  0x00000000   Number         0  stm32f10x_bkp.o ABSOLUTE
    LIB\src\stm32f10x_can.c                  0x00000000   Number         0  stm32f10x_can.o ABSOLUTE
    LIB\src\stm32f10x_cec.c                  0x00000000   Number         0  stm32f10x_cec.o ABSOLUTE
    LIB\src\stm32f10x_crc.c                  0x00000000   Number         0  stm32f10x_crc.o ABSOLUTE
    LIB\src\stm32f10x_dac.c                  0x00000000   Number         0  stm32f10x_dac.o ABSOLUTE
    LIB\src\stm32f10x_dbgmcu.c               0x00000000   Number         0  stm32f10x_dbgmcu.o ABSOLUTE
    LIB\src\stm32f10x_dma.c                  0x00000000   Number         0  stm32f10x_dma.o ABSOLUTE
    LIB\src\stm32f10x_exti.c                 0x00000000   Number         0  stm32f10x_exti.o ABSOLUTE
    LIB\src\stm32f10x_flash.c                0x00000000   Number         0  stm32f10x_flash.o ABSOLUTE
    LIB\src\stm32f10x_fsmc.c                 0x00000000   Number         0  stm32f10x_fsmc.o ABSOLUTE
    LIB\src\stm32f10x_gpio.c                 0x00000000   Number         0  stm32f10x_gpio.o ABSOLUTE
    LIB\src\stm32f10x_i2c.c                  0x00000000   Number         0  stm32f10x_i2c.o ABSOLUTE
    LIB\src\stm32f10x_iwdg.c                 0x00000000   Number         0  stm32f10x_iwdg.o ABSOLUTE
    LIB\src\stm32f10x_pwr.c                  0x00000000   Number         0  stm32f10x_pwr.o ABSOLUTE
    LIB\src\stm32f10x_rcc.c                  0x00000000   Number         0  stm32f10x_rcc.o ABSOLUTE
    LIB\src\stm32f10x_rtc.c                  0x00000000   Number         0  stm32f10x_rtc.o ABSOLUTE
    LIB\src\stm32f10x_sdio.c                 0x00000000   Number         0  stm32f10x_sdio.o ABSOLUTE
    LIB\src\stm32f10x_spi.c                  0x00000000   Number         0  stm32f10x_spi.o ABSOLUTE
    LIB\src\stm32f10x_tim.c                  0x00000000   Number         0  stm32f10x_tim.o ABSOLUTE
    LIB\src\stm32f10x_usart.c                0x00000000   Number         0  stm32f10x_usart.o ABSOLUTE
    LIB\src\stm32f10x_wwdg.c                 0x00000000   Number         0  stm32f10x_wwdg.o ABSOLUTE
    USER\W5500.c                             0x00000000   Number         0  w5500.o ABSOLUTE
    USER\main.c                              0x00000000   Number         0  main.o ABSOLUTE
    USER\stm32f10x_it.c                      0x00000000   Number         0  stm32f10x_it.o ABSOLUTE
    USER\stmflash.c                          0x00000000   Number         0  stmflash.o ABSOLUTE
    dc.s                                     0x00000000   Number         0  dc.o ABSOLUTE
    RESET                                    0x08000000   Section      236  startup_stm32f10x_md.o(RESET)
    !!!main                                  0x080000ec   Section        8  __main.o(!!!main)
    !!!scatter                               0x080000f4   Section       52  __scatter.o(!!!scatter)
    !!handler_copy                           0x08000128   Section       26  __scatter_copy.o(!!handler_copy)
    !!handler_zi                             0x08000144   Section       28  __scatter_zi.o(!!handler_zi)
    .ARM.Collect$$_printf_percent$$00000000  0x08000160   Section        0  _printf_percent.o(.ARM.Collect$$_printf_percent$$00000000)
    .ARM.Collect$$_printf_percent$$00000009  0x08000160   Section        6  _printf_d.o(.ARM.Collect$$_printf_percent$$00000009)
    .ARM.Collect$$_printf_percent$$0000000C  0x08000166   Section        6  _printf_x.o(.ARM.Collect$$_printf_percent$$0000000C)
    .ARM.Collect$$_printf_percent$$00000017  0x0800016c   Section        4  _printf_percent_end.o(.ARM.Collect$$_printf_percent$$00000017)
    .ARM.Collect$$libinit$$00000000          0x08000170   Section        2  libinit.o(.ARM.Collect$$libinit$$00000000)
    .ARM.Collect$$libinit$$00000002          0x08000172   Section        0  libinit2.o(.ARM.Collect$$libinit$$00000002)
    .ARM.Collect$$libinit$$00000004          0x08000172   Section        0  libinit2.o(.ARM.Collect$$libinit$$00000004)
    .ARM.Collect$$libinit$$0000000A          0x08000172   Section        0  libinit2.o(.ARM.Collect$$libinit$$0000000A)
    .ARM.Collect$$libinit$$0000000C          0x08000172   Section        0  libinit2.o(.ARM.Collect$$libinit$$0000000C)
    .ARM.Collect$$libinit$$0000000E          0x08000172   Section        0  libinit2.o(.ARM.Collect$$libinit$$0000000E)
    .ARM.Collect$$libinit$$0000000F          0x08000172   Section        6  libinit2.o(.ARM.Collect$$libinit$$0000000F)
    .ARM.Collect$$libinit$$00000011          0x08000178   Section        0  libinit2.o(.ARM.Collect$$libinit$$00000011)
    .ARM.Collect$$libinit$$00000012          0x08000178   Section       12  libinit2.o(.ARM.Collect$$libinit$$00000012)
    .ARM.Collect$$libinit$$00000013          0x08000184   Section        0  libinit2.o(.ARM.Collect$$libinit$$00000013)
    .ARM.Collect$$libinit$$00000015          0x08000184   Section        0  libinit2.o(.ARM.Collect$$libinit$$00000015)
    .ARM.Collect$$libinit$$00000017          0x08000184   Section        0  libinit2.o(.ARM.Collect$$libinit$$00000017)
    .ARM.Collect$$libinit$$00000019          0x08000184   Section        0  libinit2.o(.ARM.Collect$$libinit$$00000019)
    .ARM.Collect$$libinit$$0000001B          0x08000184   Section        0  libinit2.o(.ARM.Collect$$libinit$$0000001B)
    .ARM.Collect$$libinit$$0000001D          0x08000184   Section        0  libinit2.o(.ARM.Collect$$libinit$$0000001D)
    .ARM.Collect$$libinit$$0000001F          0x08000184   Section        0  libinit2.o(.ARM.Collect$$libinit$$0000001F)
    .ARM.Collect$$libinit$$00000021          0x08000184   Section        0  libinit2.o(.ARM.Collect$$libinit$$00000021)
    .ARM.Collect$$libinit$$00000023          0x08000184   Section        0  libinit2.o(.ARM.Collect$$libinit$$00000023)
    .ARM.Collect$$libinit$$00000025          0x08000184   Section        0  libinit2.o(.ARM.Collect$$libinit$$00000025)
    .ARM.Collect$$libinit$$0000002C          0x08000184   Section        0  libinit2.o(.ARM.Collect$$libinit$$0000002C)
    .ARM.Collect$$libinit$$0000002E          0x08000184   Section        0  libinit2.o(.ARM.Collect$$libinit$$0000002E)
    .ARM.Collect$$libinit$$00000030          0x08000184   Section        0  libinit2.o(.ARM.Collect$$libinit$$00000030)
    .ARM.Collect$$libinit$$00000032          0x08000184   Section        0  libinit2.o(.ARM.Collect$$libinit$$00000032)
    .ARM.Collect$$libinit$$00000033          0x08000184   Section        2  libinit2.o(.ARM.Collect$$libinit$$00000033)
    .ARM.Collect$$libshutdown$$00000000      0x08000186   Section        2  libshutdown.o(.ARM.Collect$$libshutdown$$00000000)
    .ARM.Collect$$libshutdown$$00000002      0x08000188   Section        0  libshutdown2.o(.ARM.Collect$$libshutdown$$00000002)
    .ARM.Collect$$libshutdown$$00000004      0x08000188   Section        0  libshutdown2.o(.ARM.Collect$$libshutdown$$00000004)
    .ARM.Collect$$libshutdown$$00000007      0x08000188   Section        0  libshutdown2.o(.ARM.Collect$$libshutdown$$00000007)
    .ARM.Collect$$libshutdown$$0000000A      0x08000188   Section        0  libshutdown2.o(.ARM.Collect$$libshutdown$$0000000A)
    .ARM.Collect$$libshutdown$$0000000C      0x08000188   Section        0  libshutdown2.o(.ARM.Collect$$libshutdown$$0000000C)
    .ARM.Collect$$libshutdown$$0000000F      0x08000188   Section        0  libshutdown2.o(.ARM.Collect$$libshutdown$$0000000F)
    .ARM.Collect$$libshutdown$$00000010      0x08000188   Section        2  libshutdown2.o(.ARM.Collect$$libshutdown$$00000010)
    .ARM.Collect$$rtentry$$00000000          0x0800018a   Section        0  __rtentry.o(.ARM.Collect$$rtentry$$00000000)
    .ARM.Collect$$rtentry$$00000002          0x0800018a   Section        0  __rtentry2.o(.ARM.Collect$$rtentry$$00000002)
    .ARM.Collect$$rtentry$$00000004          0x0800018a   Section        6  __rtentry4.o(.ARM.Collect$$rtentry$$00000004)
    .ARM.Collect$$rtentry$$00000009          0x08000190   Section        0  __rtentry2.o(.ARM.Collect$$rtentry$$00000009)
    .ARM.Collect$$rtentry$$0000000A          0x08000190   Section        4  __rtentry2.o(.ARM.Collect$$rtentry$$0000000A)
    .ARM.Collect$$rtentry$$0000000C          0x08000194   Section        0  __rtentry2.o(.ARM.Collect$$rtentry$$0000000C)
    .ARM.Collect$$rtentry$$0000000D          0x08000194   Section        8  __rtentry2.o(.ARM.Collect$$rtentry$$0000000D)
    .ARM.Collect$$rtexit$$00000000           0x0800019c   Section        2  rtexit.o(.ARM.Collect$$rtexit$$00000000)
    .ARM.Collect$$rtexit$$00000002           0x0800019e   Section        0  rtexit2.o(.ARM.Collect$$rtexit$$00000002)
    .ARM.Collect$$rtexit$$00000003           0x0800019e   Section        4  rtexit2.o(.ARM.Collect$$rtexit$$00000003)
    .ARM.Collect$$rtexit$$00000004           0x080001a2   Section        6  rtexit2.o(.ARM.Collect$$rtexit$$00000004)
    .text                                    0x080001a8   Section        0  main.o(.text)
    .text                                    0x08000f90   Section        0  stm32f10x_it.o(.text)
    .text                                    0x08000fac   Section        0  w5500.o(.text)
    .text                                    0x080018fc   Section        0  stmflash.o(.text)
    .text                                    0x08001a40   Section        0  misc.o(.text)
    .text                                    0x08001b1c   Section        0  stm32f10x_flash.o(.text)
    .text                                    0x080020d8   Section        0  stm32f10x_gpio.o(.text)
    .text                                    0x08002434   Section        0  stm32f10x_iwdg.o(.text)
    .text                                    0x08002474   Section        0  stm32f10x_rcc.o(.text)
    .text                                    0x08002818   Section        0  stm32f10x_spi.o(.text)
    .text                                    0x08002b24   Section        0  stm32f10x_tim.o(.text)
    TI4_Config                               0x08002fcb   Thumb Code   130  stm32f10x_tim.o(.text)
    TI3_Config                               0x0800305f   Thumb Code   122  stm32f10x_tim.o(.text)
    TI2_Config                               0x080030f3   Thumb Code   130  stm32f10x_tim.o(.text)
    TI1_Config                               0x08003187   Thumb Code   108  stm32f10x_tim.o(.text)
    .text                                    0x08003940   Section        0  system_stm32f10x.o(.text)
    SetSysClockTo72                          0x08003941   Thumb Code   214  system_stm32f10x.o(.text)
    SetSysClock                              0x08003a17   Thumb Code     8  system_stm32f10x.o(.text)
    .text                                    0x08003b20   Section       64  startup_stm32f10x_md.o(.text)
    .text                                    0x08003b60   Section        0  noretval__2snprintf.o(.text)
    .text                                    0x08003b94   Section        0  _printf_truncate.o(.text)
    .text                                    0x08003bb8   Section        0  _printf_dec.o(.text)
    .text                                    0x08003c30   Section        0  _printf_hex_int.o(.text)
    .text                                    0x08003c88   Section        0  __printf_ss.o(.text)
    .text                                    0x08003d40   Section        0  atoi.o(.text)
    .text                                    0x08003d5c   Section        0  strtok.o(.text)
    .text                                    0x08003d68   Section        0  strlen.o(.text)
    .text                                    0x08003da6   Section        0  strncmp.o(.text)
    .text                                    0x08003e3c   Section      138  rt_memcpy_v6.o(.text)
    .text                                    0x08003ec6   Section       78  rt_memclr_w.o(.text)
    .text                                    0x08003f14   Section        0  heapauxi.o(.text)
    .text                                    0x08003f1c   Section        8  rt_errno_addr_intlibspace.o(.text)
    .text                                    0x08003f24   Section        0  _printf_intcommon.o(.text)
    .text                                    0x08003fd8   Section        0  _printf_char_common.o(.text)
    _printf_input_char                       0x08003fd9   Thumb Code    10  _printf_char_common.o(.text)
    .text                                    0x08004008   Section        0  _sputc.o(.text)
    .text                                    0x08004012   Section        0  _snputc.o(.text)
    .text                                    0x08004022   Section        0  strtol.o(.text)
    .text                                    0x08004094   Section        0  strtok_int.o(.text)
    .text                                    0x080040d8   Section      100  rt_memcpy_w.o(.text)
    .text                                    0x0800413c   Section        8  libspace.o(.text)
    .text                                    0x08004144   Section       16  rt_ctype_table.o(.text)
    .text                                    0x08004154   Section        0  _strtoul.o(.text)
    .text                                    0x080041f2   Section        0  strcspn.o(.text)
    .text                                    0x08004212   Section        0  strspn.o(.text)
    .text                                    0x0800422e   Section       74  sys_stackheap_outer.o(.text)
    .text                                    0x08004278   Section        8  rt_locale_intlibspace.o(.text)
    .text                                    0x08004280   Section        0  _chval.o(.text)
    .text                                    0x0800429c   Section        0  exit.o(.text)
    .text                                    0x080042b0   Section      128  strcmpv7m.o(.text)
    .text                                    0x08004330   Section        0  sys_exit.o(.text)
    .text                                    0x0800433c   Section        2  use_no_semi.o(.text)
    .text                                    0x0800433e   Section        0  indicate_semi.o(.text)
    locale$$code                             0x08004340   Section       44  lc_ctype_c.o(locale$$code)
    .constdata                               0x0800436c   Section       40  _printf_hex_int.o(.constdata)
    uc_hextab                                0x0800436c   Data          20  _printf_hex_int.o(.constdata)
    lc_hextab                                0x08004380   Data          20  _printf_hex_int.o(.constdata)
    .conststring                             0x08004394   Section      206  main.o(.conststring)
    locale$$data                             0x08004484   Section      272  lc_ctype_c.o(locale$$data)
    __lcctype_c_name                         0x08004488   Data           2  lc_ctype_c.o(locale$$data)
    __lcctype_c_start                        0x08004490   Data           0  lc_ctype_c.o(locale$$data)
    __lcctype_c_end                          0x08004594   Data           0  lc_ctype_c.o(locale$$data)
    .data                                    0x20000000   Section       60  main.o(.data)
    .data                                    0x2000003c   Section       36  w5500.o(.data)
    .data                                    0x20000060   Section       20  stm32f10x_rcc.o(.data)
    APBAHBPrescTable                         0x20000060   Data          16  stm32f10x_rcc.o(.data)
    ADCPrescTable                            0x20000070   Data           4  stm32f10x_rcc.o(.data)
    .data                                    0x20000074   Section       20  system_stm32f10x.o(.data)
    .data                                    0x20000088   Section        4  strtok.o(.data)
    _strtok_saves1                           0x20000088   Data           4  strtok.o(.data)
    .bss                                     0x2000008c   Section       78  main.o(.bss)
    .bss                                     0x200000da   Section     2048  w5500.o(.bss)
    .bss                                     0x200008da   Section     1024  stmflash.o(.bss)
    .bss                                     0x20000cdc   Section       96  libspace.o(.bss)
    HEAP                                     0x20000d40   Section      512  startup_stm32f10x_md.o(HEAP)
    Heap_Mem                                 0x20000d40   Data         512  startup_stm32f10x_md.o(HEAP)
    STACK                                    0x20000f40   Section     1024  startup_stm32f10x_md.o(STACK)
    Stack_Mem                                0x20000f40   Data        1024  startup_stm32f10x_md.o(STACK)
    __initial_sp                             0x20001340   Data           0  startup_stm32f10x_md.o(STACK)

    Global Symbols

    Symbol Name                              Value     Ov Type        Size  Object(Section)

    BuildAttributes$$THM_ISAv4$P$D$K$B$S$PE$A:L22UL41UL21$X:L11$S22US41US21$IEEE1$IW$USESV6$~STKCKD$USESV7$~SHL$OSPACE$ROPI$EBA8$UX$STANDARDLIB$REQ8$PRES8$EABIv2 0x00000000   Number         0  anon$$obj.o ABSOLUTE
    __ARM_use_no_argv                        0x00000000   Number         0  main.o ABSOLUTE
    _printf_flags                            0x00000000   Number         0  printf_stubs.o ABSOLUTE
    _printf_return_value                     0x00000000   Number         0  printf_stubs.o ABSOLUTE
    _printf_sizespec                         0x00000000   Number         0  printf_stubs.o ABSOLUTE
    _printf_widthprec                        0x00000000   Number         0  printf_stubs.o ABSOLUTE
    __ARM_exceptions_init                     - Undefined Weak Reference
    __alloca_initialize                       - Undefined Weak Reference
    __arm_preinit_                            - Undefined Weak Reference
    __cpp_initialize__aeabi_                  - Undefined Weak Reference
    __cxa_finalize                            - Undefined Weak Reference
    __sigvec_lookup                           - Undefined Weak Reference
    _atexit_init                              - Undefined Weak Reference
    _call_atexit_fns                          - Undefined Weak Reference
    _clock_init                               - Undefined Weak Reference
    _fp_trap_init                             - Undefined Weak Reference
    _fp_trap_shutdown                         - Undefined Weak Reference
    _get_lc_collate                           - Undefined Weak Reference
    _get_lc_monetary                          - Undefined Weak Reference
    _get_lc_numeric                           - Undefined Weak Reference
    _get_lc_time                              - Undefined Weak Reference
    _getenv_init                              - Undefined Weak Reference
    _handle_redirection                       - Undefined Weak Reference
    _init_alloc                               - Undefined Weak Reference
    _init_user_alloc                          - Undefined Weak Reference
    _initio                                   - Undefined Weak Reference
    _printf_post_padding                      - Undefined Weak Reference
    _printf_pre_padding                       - Undefined Weak Reference
    _rand_init                                - Undefined Weak Reference
    _signal_finish                            - Undefined Weak Reference
    _signal_init                              - Undefined Weak Reference
    _terminate_alloc                          - Undefined Weak Reference
    _terminate_user_alloc                     - Undefined Weak Reference
    _terminateio                              - Undefined Weak Reference
    __Vectors_Size                           0x000000ec   Number         0  startup_stm32f10x_md.o ABSOLUTE
    __Vectors                                0x08000000   Data           4  startup_stm32f10x_md.o(RESET)
    __Vectors_End                            0x080000ec   Data           0  startup_stm32f10x_md.o(RESET)
    __main                                   0x080000ed   Thumb Code     8  __main.o(!!!main)
    __scatterload                            0x080000f5   Thumb Code     0  __scatter.o(!!!scatter)
    __scatterload_rt2                        0x080000f5   Thumb Code    44  __scatter.o(!!!scatter)
    __scatterload_rt2_thumb_only             0x080000f5   Thumb Code     0  __scatter.o(!!!scatter)
    __scatterload_null                       0x08000103   Thumb Code     0  __scatter.o(!!!scatter)
    __scatterload_copy                       0x08000129   Thumb Code    26  __scatter_copy.o(!!handler_copy)
    __scatterload_zeroinit                   0x08000145   Thumb Code    28  __scatter_zi.o(!!handler_zi)
    _printf_d                                0x08000161   Thumb Code     0  _printf_d.o(.ARM.Collect$$_printf_percent$$00000009)
    _printf_percent                          0x08000161   Thumb Code     0  _printf_percent.o(.ARM.Collect$$_printf_percent$$00000000)
    _printf_x                                0x08000167   Thumb Code     0  _printf_x.o(.ARM.Collect$$_printf_percent$$0000000C)
    _printf_percent_end                      0x0800016d   Thumb Code     0  _printf_percent_end.o(.ARM.Collect$$_printf_percent$$00000017)
    __rt_lib_init                            0x08000171   Thumb Code     0  libinit.o(.ARM.Collect$$libinit$$00000000)
    __rt_lib_init_fp_1                       0x08000173   Thumb Code     0  libinit2.o(.ARM.Collect$$libinit$$00000002)
    __rt_lib_init_heap_1                     0x08000173   Thumb Code     0  libinit2.o(.ARM.Collect$$libinit$$0000000A)
    __rt_lib_init_lc_common                  0x08000173   Thumb Code     0  libinit2.o(.ARM.Collect$$libinit$$0000000F)
    __rt_lib_init_preinit_1                  0x08000173   Thumb Code     0  libinit2.o(.ARM.Collect$$libinit$$00000004)
    __rt_lib_init_rand_1                     0x08000173   Thumb Code     0  libinit2.o(.ARM.Collect$$libinit$$0000000E)
    __rt_lib_init_user_alloc_1               0x08000173   Thumb Code     0  libinit2.o(.ARM.Collect$$libinit$$0000000C)
    __rt_lib_init_lc_collate_1               0x08000179   Thumb Code     0  libinit2.o(.ARM.Collect$$libinit$$00000011)
    __rt_lib_init_lc_ctype_2                 0x08000179   Thumb Code     0  libinit2.o(.ARM.Collect$$libinit$$00000012)
    __rt_lib_init_alloca_1                   0x08000185   Thumb Code     0  libinit2.o(.ARM.Collect$$libinit$$0000002E)
    __rt_lib_init_argv_1                     0x08000185   Thumb Code     0  libinit2.o(.ARM.Collect$$libinit$$0000002C)
    __rt_lib_init_atexit_1                   0x08000185   Thumb Code     0  libinit2.o(.ARM.Collect$$libinit$$0000001B)
    __rt_lib_init_clock_1                    0x08000185   Thumb Code     0  libinit2.o(.ARM.Collect$$libinit$$00000021)
    __rt_lib_init_cpp_1                      0x08000185   Thumb Code     0  libinit2.o(.ARM.Collect$$libinit$$00000032)
    __rt_lib_init_exceptions_1               0x08000185   Thumb Code     0  libinit2.o(.ARM.Collect$$libinit$$00000030)
    __rt_lib_init_fp_trap_1                  0x08000185   Thumb Code     0  libinit2.o(.ARM.Collect$$libinit$$0000001F)
    __rt_lib_init_getenv_1                   0x08000185   Thumb Code     0  libinit2.o(.ARM.Collect$$libinit$$00000023)
    __rt_lib_init_lc_ctype_1                 0x08000185   Thumb Code     0  libinit2.o(.ARM.Collect$$libinit$$00000013)
    __rt_lib_init_lc_monetary_1              0x08000185   Thumb Code     0  libinit2.o(.ARM.Collect$$libinit$$00000015)
    __rt_lib_init_lc_numeric_1               0x08000185   Thumb Code     0  libinit2.o(.ARM.Collect$$libinit$$00000017)
    __rt_lib_init_lc_time_1                  0x08000185   Thumb Code     0  libinit2.o(.ARM.Collect$$libinit$$00000019)
    __rt_lib_init_return                     0x08000185   Thumb Code     0  libinit2.o(.ARM.Collect$$libinit$$00000033)
    __rt_lib_init_signal_1                   0x08000185   Thumb Code     0  libinit2.o(.ARM.Collect$$libinit$$0000001D)
    __rt_lib_init_stdio_1                    0x08000185   Thumb Code     0  libinit2.o(.ARM.Collect$$libinit$$00000025)
    __rt_lib_shutdown                        0x08000187   Thumb Code     0  libshutdown.o(.ARM.Collect$$libshutdown$$00000000)
    __rt_lib_shutdown_cpp_1                  0x08000189   Thumb Code     0  libshutdown2.o(.ARM.Collect$$libshutdown$$00000002)
    __rt_lib_shutdown_fp_trap_1              0x08000189   Thumb Code     0  libshutdown2.o(.ARM.Collect$$libshutdown$$00000007)
    __rt_lib_shutdown_heap_1                 0x08000189   Thumb Code     0  libshutdown2.o(.ARM.Collect$$libshutdown$$0000000F)
    __rt_lib_shutdown_return                 0x08000189   Thumb Code     0  libshutdown2.o(.ARM.Collect$$libshutdown$$00000010)
    __rt_lib_shutdown_signal_1               0x08000189   Thumb Code     0  libshutdown2.o(.ARM.Collect$$libshutdown$$0000000A)
    __rt_lib_shutdown_stdio_1                0x08000189   Thumb Code     0  libshutdown2.o(.ARM.Collect$$libshutdown$$00000004)
    __rt_lib_shutdown_user_alloc_1           0x08000189   Thumb Code     0  libshutdown2.o(.ARM.Collect$$libshutdown$$0000000C)
    __rt_entry                               0x0800018b   Thumb Code     0  __rtentry.o(.ARM.Collect$$rtentry$$00000000)
    __rt_entry_presh_1                       0x0800018b   Thumb Code     0  __rtentry2.o(.ARM.Collect$$rtentry$$00000002)
    __rt_entry_sh                            0x0800018b   Thumb Code     0  __rtentry4.o(.ARM.Collect$$rtentry$$00000004)
    __rt_entry_li                            0x08000191   Thumb Code     0  __rtentry2.o(.ARM.Collect$$rtentry$$0000000A)
    __rt_entry_postsh_1                      0x08000191   Thumb Code     0  __rtentry2.o(.ARM.Collect$$rtentry$$00000009)
    __rt_entry_main                          0x08000195   Thumb Code     0  __rtentry2.o(.ARM.Collect$$rtentry$$0000000D)
    __rt_entry_postli_1                      0x08000195   Thumb Code     0  __rtentry2.o(.ARM.Collect$$rtentry$$0000000C)
    __rt_exit                                0x0800019d   Thumb Code     0  rtexit.o(.ARM.Collect$$rtexit$$00000000)
    __rt_exit_ls                             0x0800019f   Thumb Code     0  rtexit2.o(.ARM.Collect$$rtexit$$00000003)
    __rt_exit_prels_1                        0x0800019f   Thumb Code     0  rtexit2.o(.ARM.Collect$$rtexit$$00000002)
    __rt_exit_exit                           0x080001a3   Thumb Code     0  rtexit2.o(.ARM.Collect$$rtexit$$00000004)
    W5500_Initialization                     0x080001a9   Thumb Code    18  main.o(.text)
    Load_Net_Parameters                      0x080001bb   Thumb Code   482  main.o(.text)
    W5500_Socket_Set                         0x0800039d   Thumb Code   100  main.o(.text)
    Process_Socket_Data                      0x08000401   Thumb Code    36  main.o(.text)
    IWDG_Init                                0x08000425   Thumb Code    36  main.o(.text)
    IWDG_Feed                                0x08000449   Thumb Code     8  main.o(.text)
    Timer2_Init_Config                       0x08000451   Thumb Code    64  main.o(.text)
    NVIC_Configuration                       0x08000491   Thumb Code    50  main.o(.text)
    RCC_Configuration                        0x080004c3   Thumb Code   122  main.o(.text)
    System_Initialization                    0x0800053d   Thumb Code    24  main.o(.text)
    main                                     0x08000555   Thumb Code  2482  main.o(.text)
    TIM2_IRQHandler                          0x08000f07   Thumb Code    54  main.o(.text)
    Delay                                    0x08000f3d   Thumb Code    18  main.o(.text)
    NMI_Handler                              0x08000f91   Thumb Code     2  stm32f10x_it.o(.text)
    HardFault_Handler                        0x08000f93   Thumb Code     4  stm32f10x_it.o(.text)
    MemManage_Handler                        0x08000f97   Thumb Code     4  stm32f10x_it.o(.text)
    BusFault_Handler                         0x08000f9b   Thumb Code     4  stm32f10x_it.o(.text)
    UsageFault_Handler                       0x08000f9f   Thumb Code     4  stm32f10x_it.o(.text)
    SVC_Handler                              0x08000fa3   Thumb Code     2  stm32f10x_it.o(.text)
    DebugMon_Handler                         0x08000fa5   Thumb Code     2  stm32f10x_it.o(.text)
    PendSV_Handler                           0x08000fa7   Thumb Code     2  stm32f10x_it.o(.text)
    SysTick_Handler                          0x08000fa9   Thumb Code     2  stm32f10x_it.o(.text)
    W5500_GPIO_Configuration                 0x08000fad   Thumb Code    36  w5500.o(.text)
    Yoyung_GPIO_Init                         0x08000fd1   Thumb Code   118  w5500.o(.text)
    SPI_Configuration                        0x08001047   Thumb Code   154  w5500.o(.text)
    SPI1_Send_Byte                           0x080010e1   Thumb Code    28  w5500.o(.text)
    SPI1_Send_Short                          0x080010fd   Thumb Code    28  w5500.o(.text)
    Write_W5500_1Byte                        0x08001119   Thumb Code    42  w5500.o(.text)
    Write_W5500_2Byte                        0x08001143   Thumb Code    42  w5500.o(.text)
    Write_W5500_nByte                        0x0800116d   Thumb Code    62  w5500.o(.text)
    Write_W5500_SOCK_1Byte                   0x080011ab   Thumb Code    54  w5500.o(.text)
    Write_W5500_SOCK_2Byte                   0x080011e1   Thumb Code    54  w5500.o(.text)
    Write_W5500_SOCK_4Byte                   0x08001217   Thumb Code    80  w5500.o(.text)
    Read_W5500_1Byte                         0x08001267   Thumb Code    58  w5500.o(.text)
    Read_W5500_SOCK_1Byte                    0x080012a1   Thumb Code    70  w5500.o(.text)
    Read_W5500_SOCK_2Byte                    0x080012e7   Thumb Code    94  w5500.o(.text)
    Read_SOCK_Data_Buffer                    0x08001345   Thumb Code   304  w5500.o(.text)
    Write_SOCK_Data_Buffer                   0x08001475   Thumb Code   256  w5500.o(.text)
    W5500_Hardware_Reset                     0x08001575   Thumb Code    48  w5500.o(.text)
    W5500_Init                               0x080015a5   Thumb Code   110  w5500.o(.text)
    Detect_Gateway                           0x08001613   Thumb Code   194  w5500.o(.text)
    Socket_Init                              0x080016d5   Thumb Code   104  w5500.o(.text)
    Socket_Connect                           0x0800173d   Thumb Code    70  w5500.o(.text)
    Socket_Listen                            0x08001783   Thumb Code   152  w5500.o(.text)
    Socket_UDP                               0x0800181b   Thumb Code    60  w5500.o(.text)
    W5500_Interrupt_Process                  0x08001857   Thumb Code   156  w5500.o(.text)
    STMFLASH_ReadHalfWord                    0x080018fd   Thumb Code     6  stmflash.o(.text)
    STMFLASH_Write_NoCheck                   0x08001903   Thumb Code    38  stmflash.o(.text)
    STMFLASH_Read                            0x08001929   Thumb Code    34  stmflash.o(.text)
    STMFLASH_Write                           0x0800194b   Thumb Code   222  stmflash.o(.text)
    Test_Write                               0x08001a29   Thumb Code    16  stmflash.o(.text)
    NVIC_PriorityGroupConfig                 0x08001a41   Thumb Code    10  misc.o(.text)
    NVIC_Init                                0x08001a4b   Thumb Code   100  misc.o(.text)
    NVIC_SetVectorTable                      0x08001aaf   Thumb Code    14  misc.o(.text)
    NVIC_SystemLPConfig                      0x08001abd   Thumb Code    34  misc.o(.text)
    SysTick_CLKSourceConfig                  0x08001adf   Thumb Code    40  misc.o(.text)
    FLASH_SetLatency                         0x08001b1d   Thumb Code    18  stm32f10x_flash.o(.text)
    FLASH_HalfCycleAccessCmd                 0x08001b2f   Thumb Code    22  stm32f10x_flash.o(.text)
    FLASH_PrefetchBufferCmd                  0x08001b45   Thumb Code    22  stm32f10x_flash.o(.text)
    FLASH_Unlock                             0x08001b5b   Thumb Code    12  stm32f10x_flash.o(.text)
    FLASH_UnlockBank1                        0x08001b67   Thumb Code    12  stm32f10x_flash.o(.text)
    FLASH_Lock                               0x08001b73   Thumb Code    14  stm32f10x_flash.o(.text)
    FLASH_LockBank1                          0x08001b81   Thumb Code    14  stm32f10x_flash.o(.text)
    FLASH_GetBank1Status                     0x08001b8f   Thumb Code    48  stm32f10x_flash.o(.text)
    FLASH_WaitForLastOperation               0x08001bbf   Thumb Code    38  stm32f10x_flash.o(.text)
    FLASH_ErasePage                          0x08001be5   Thumb Code    72  stm32f10x_flash.o(.text)
    FLASH_EraseAllPages                      0x08001c2d   Thumb Code    68  stm32f10x_flash.o(.text)
    FLASH_WaitForLastBank1Operation          0x08001c71   Thumb Code    38  stm32f10x_flash.o(.text)
    FLASH_EraseAllBank1Pages                 0x08001c97   Thumb Code    68  stm32f10x_flash.o(.text)
    FLASH_GetReadOutProtectionStatus         0x08001cdb   Thumb Code    20  stm32f10x_flash.o(.text)
    FLASH_EraseOptionBytes                   0x08001cef   Thumb Code   150  stm32f10x_flash.o(.text)
    FLASH_ProgramWord                        0x08001d85   Thumb Code   102  stm32f10x_flash.o(.text)
    FLASH_ProgramHalfWord                    0x08001deb   Thumb Code    60  stm32f10x_flash.o(.text)
    FLASH_ProgramOptionByteData              0x08001e27   Thumb Code    72  stm32f10x_flash.o(.text)
    FLASH_EnableWriteProtection              0x08001e6f   Thumb Code   200  stm32f10x_flash.o(.text)
    FLASH_ReadOutProtection                  0x08001f37   Thumb Code   156  stm32f10x_flash.o(.text)
    FLASH_UserOptionByteConfig               0x08001fd3   Thumb Code    88  stm32f10x_flash.o(.text)
    FLASH_GetUserOptionByte                  0x0800202b   Thumb Code     8  stm32f10x_flash.o(.text)
    FLASH_GetWriteProtectionOptionByte       0x08002033   Thumb Code     6  stm32f10x_flash.o(.text)
    FLASH_GetPrefetchBufferStatus            0x08002039   Thumb Code    20  stm32f10x_flash.o(.text)
    FLASH_ITConfig                           0x0800204d   Thumb Code    26  stm32f10x_flash.o(.text)
    FLASH_GetFlagStatus                      0x08002067   Thumb Code    42  stm32f10x_flash.o(.text)
    FLASH_ClearFlag                          0x08002091   Thumb Code     6  stm32f10x_flash.o(.text)
    FLASH_GetStatus                          0x08002097   Thumb Code    48  stm32f10x_flash.o(.text)
    GPIO_DeInit                              0x080020d9   Thumb Code   172  stm32f10x_gpio.o(.text)
    GPIO_AFIODeInit                          0x08002185   Thumb Code    20  stm32f10x_gpio.o(.text)
    GPIO_Init                                0x08002199   Thumb Code   278  stm32f10x_gpio.o(.text)
    GPIO_StructInit                          0x080022af   Thumb Code    16  stm32f10x_gpio.o(.text)
    GPIO_ReadInputDataBit                    0x080022bf   Thumb Code    18  stm32f10x_gpio.o(.text)
    GPIO_ReadInputData                       0x080022d1   Thumb Code     8  stm32f10x_gpio.o(.text)
    GPIO_ReadOutputDataBit                   0x080022d9   Thumb Code    18  stm32f10x_gpio.o(.text)
    GPIO_ReadOutputData                      0x080022eb   Thumb Code     8  stm32f10x_gpio.o(.text)
    GPIO_SetBits                             0x080022f3   Thumb Code     4  stm32f10x_gpio.o(.text)
    GPIO_ResetBits                           0x080022f7   Thumb Code     4  stm32f10x_gpio.o(.text)
    GPIO_WriteBit                            0x080022fb   Thumb Code    10  stm32f10x_gpio.o(.text)
    GPIO_Write                               0x08002305   Thumb Code     4  stm32f10x_gpio.o(.text)
    GPIO_PinLockConfig                       0x08002309   Thumb Code    18  stm32f10x_gpio.o(.text)
    GPIO_EventOutputConfig                   0x0800231b   Thumb Code    26  stm32f10x_gpio.o(.text)
    GPIO_EventOutputCmd                      0x08002335   Thumb Code     6  stm32f10x_gpio.o(.text)
    GPIO_PinRemapConfig                      0x0800233b   Thumb Code   138  stm32f10x_gpio.o(.text)
    GPIO_EXTILineConfig                      0x080023c5   Thumb Code    66  stm32f10x_gpio.o(.text)
    GPIO_ETH_MediaInterfaceConfig            0x08002407   Thumb Code     8  stm32f10x_gpio.o(.text)
    IWDG_WriteAccessCmd                      0x08002435   Thumb Code     6  stm32f10x_iwdg.o(.text)
    IWDG_SetPrescaler                        0x0800243b   Thumb Code     6  stm32f10x_iwdg.o(.text)
    IWDG_SetReload                           0x08002441   Thumb Code     6  stm32f10x_iwdg.o(.text)
    IWDG_ReloadCounter                       0x08002447   Thumb Code    10  stm32f10x_iwdg.o(.text)
    IWDG_Enable                              0x08002451   Thumb Code    10  stm32f10x_iwdg.o(.text)
    IWDG_GetFlagStatus                       0x0800245b   Thumb Code    20  stm32f10x_iwdg.o(.text)
    RCC_DeInit                               0x08002475   Thumb Code    64  stm32f10x_rcc.o(.text)
    RCC_HSEConfig                            0x080024b5   Thumb Code    70  stm32f10x_rcc.o(.text)
    RCC_GetFlagStatus                        0x080024fb   Thumb Code    56  stm32f10x_rcc.o(.text)
    RCC_WaitForHSEStartUp                    0x08002533   Thumb Code    56  stm32f10x_rcc.o(.text)
    RCC_AdjustHSICalibrationValue            0x0800256b   Thumb Code    20  stm32f10x_rcc.o(.text)
    RCC_HSICmd                               0x0800257f   Thumb Code     6  stm32f10x_rcc.o(.text)
    RCC_PLLConfig                            0x08002585   Thumb Code    24  stm32f10x_rcc.o(.text)
    RCC_PLLCmd                               0x0800259d   Thumb Code     6  stm32f10x_rcc.o(.text)
    RCC_SYSCLKConfig                         0x080025a3   Thumb Code    18  stm32f10x_rcc.o(.text)
    RCC_GetSYSCLKSource                      0x080025b5   Thumb Code    10  stm32f10x_rcc.o(.text)
    RCC_HCLKConfig                           0x080025bf   Thumb Code    18  stm32f10x_rcc.o(.text)
    RCC_PCLK1Config                          0x080025d1   Thumb Code    18  stm32f10x_rcc.o(.text)
    RCC_PCLK2Config                          0x080025e3   Thumb Code    20  stm32f10x_rcc.o(.text)
    RCC_ITConfig                             0x080025f7   Thumb Code    26  stm32f10x_rcc.o(.text)
    RCC_USBCLKConfig                         0x08002611   Thumb Code     8  stm32f10x_rcc.o(.text)
    RCC_ADCCLKConfig                         0x08002619   Thumb Code    18  stm32f10x_rcc.o(.text)
    RCC_LSEConfig                            0x0800262b   Thumb Code    50  stm32f10x_rcc.o(.text)
    RCC_LSICmd                               0x0800265d   Thumb Code     6  stm32f10x_rcc.o(.text)
    RCC_RTCCLKConfig                         0x08002663   Thumb Code    12  stm32f10x_rcc.o(.text)
    RCC_RTCCLKCmd                            0x0800266f   Thumb Code     8  stm32f10x_rcc.o(.text)
    RCC_GetClocksFreq                        0x08002677   Thumb Code   192  stm32f10x_rcc.o(.text)
    RCC_AHBPeriphClockCmd                    0x08002737   Thumb Code    26  stm32f10x_rcc.o(.text)
    RCC_APB2PeriphClockCmd                   0x08002751   Thumb Code    26  stm32f10x_rcc.o(.text)
    RCC_APB1PeriphClockCmd                   0x0800276b   Thumb Code    26  stm32f10x_rcc.o(.text)
    RCC_APB2PeriphResetCmd                   0x08002785   Thumb Code    26  stm32f10x_rcc.o(.text)
    RCC_APB1PeriphResetCmd                   0x0800279f   Thumb Code    26  stm32f10x_rcc.o(.text)
    RCC_BackupResetCmd                       0x080027b9   Thumb Code     8  stm32f10x_rcc.o(.text)
    RCC_ClockSecuritySystemCmd               0x080027c1   Thumb Code     6  stm32f10x_rcc.o(.text)
    RCC_MCOConfig                            0x080027c7   Thumb Code     6  stm32f10x_rcc.o(.text)
    RCC_ClearFlag                            0x080027cd   Thumb Code    14  stm32f10x_rcc.o(.text)
    RCC_GetITStatus                          0x080027db   Thumb Code    20  stm32f10x_rcc.o(.text)
    RCC_ClearITPendingBit                    0x080027ef   Thumb Code     6  stm32f10x_rcc.o(.text)
    SPI_I2S_DeInit                           0x08002819   Thumb Code    76  stm32f10x_spi.o(.text)
    SPI_Init                                 0x08002865   Thumb Code    60  stm32f10x_spi.o(.text)
    I2S_Init                                 0x080028a1   Thumb Code   226  stm32f10x_spi.o(.text)
    SPI_StructInit                           0x08002983   Thumb Code    24  stm32f10x_spi.o(.text)
    I2S_StructInit                           0x0800299b   Thumb Code    20  stm32f10x_spi.o(.text)
    SPI_Cmd                                  0x080029af   Thumb Code    24  stm32f10x_spi.o(.text)
    I2S_Cmd                                  0x080029c7   Thumb Code    24  stm32f10x_spi.o(.text)
    SPI_I2S_ITConfig                         0x080029df   Thumb Code    32  stm32f10x_spi.o(.text)
    SPI_I2S_DMACmd                           0x080029ff   Thumb Code    18  stm32f10x_spi.o(.text)
    SPI_I2S_SendData                         0x08002a11   Thumb Code     4  stm32f10x_spi.o(.text)
    SPI_I2S_ReceiveData                      0x08002a15   Thumb Code     6  stm32f10x_spi.o(.text)
    SPI_NSSInternalSoftwareConfig            0x08002a1b   Thumb Code    30  stm32f10x_spi.o(.text)
    SPI_SSOutputCmd                          0x08002a39   Thumb Code    24  stm32f10x_spi.o(.text)
    SPI_DataSizeConfig                       0x08002a51   Thumb Code    18  stm32f10x_spi.o(.text)
    SPI_TransmitCRC                          0x08002a63   Thumb Code    10  stm32f10x_spi.o(.text)
    SPI_CalculateCRC                         0x08002a6d   Thumb Code    24  stm32f10x_spi.o(.text)
    SPI_GetCRC                               0x08002a85   Thumb Code    16  stm32f10x_spi.o(.text)
    SPI_GetCRCPolynomial                     0x08002a95   Thumb Code     6  stm32f10x_spi.o(.text)
    SPI_BiDirectionalLineConfig              0x08002a9b   Thumb Code    28  stm32f10x_spi.o(.text)
    SPI_I2S_GetFlagStatus                    0x08002ab7   Thumb Code    18  stm32f10x_spi.o(.text)
    SPI_I2S_ClearFlag                        0x08002ac9   Thumb Code     6  stm32f10x_spi.o(.text)
    SPI_I2S_GetITStatus                      0x08002acf   Thumb Code    52  stm32f10x_spi.o(.text)
    SPI_I2S_ClearITPendingBit                0x08002b03   Thumb Code    20  stm32f10x_spi.o(.text)
    TIM_DeInit                               0x08002b25   Thumb Code   424  stm32f10x_tim.o(.text)
    TIM_TimeBaseInit                         0x08002ccd   Thumb Code   122  stm32f10x_tim.o(.text)
    TIM_OC1Init                              0x08002d47   Thumb Code   132  stm32f10x_tim.o(.text)
    TIM_OC2Init                              0x08002dcb   Thumb Code   154  stm32f10x_tim.o(.text)
    TIM_OC3Init                              0x08002e65   Thumb Code   150  stm32f10x_tim.o(.text)
    TIM_OC4Init                              0x08002efb   Thumb Code   182  stm32f10x_tim.o(.text)
    TIM_SetIC4Prescaler                      0x08002fb1   Thumb Code    26  stm32f10x_tim.o(.text)
    TIM_SetIC3Prescaler                      0x0800304d   Thumb Code    18  stm32f10x_tim.o(.text)
    TIM_SetIC2Prescaler                      0x080030d9   Thumb Code    26  stm32f10x_tim.o(.text)
    TIM_SetIC1Prescaler                      0x08003175   Thumb Code    18  stm32f10x_tim.o(.text)
    TIM_ICInit                               0x080031f3   Thumb Code   150  stm32f10x_tim.o(.text)
    TIM_PWMIConfig                           0x08003289   Thumb Code   124  stm32f10x_tim.o(.text)
    TIM_BDTRConfig                           0x08003305   Thumb Code    32  stm32f10x_tim.o(.text)
    TIM_TimeBaseStructInit                   0x08003325   Thumb Code    18  stm32f10x_tim.o(.text)
    TIM_OCStructInit                         0x08003337   Thumb Code    20  stm32f10x_tim.o(.text)
    TIM_ICStructInit                         0x0800334b   Thumb Code    18  stm32f10x_tim.o(.text)
    TIM_BDTRStructInit                       0x0800335d   Thumb Code    40  stm32f10x_tim.o(.text)
    TIM_Cmd                                  0x08003385   Thumb Code    24  stm32f10x_tim.o(.text)
    TIM_CtrlPWMOutputs                       0x0800339d   Thumb Code    30  stm32f10x_tim.o(.text)
    TIM_ITConfig                             0x080033bb   Thumb Code    18  stm32f10x_tim.o(.text)
    TIM_GenerateEvent                        0x080033cd   Thumb Code     4  stm32f10x_tim.o(.text)
    TIM_DMAConfig                            0x080033d1   Thumb Code    10  stm32f10x_tim.o(.text)
    TIM_DMACmd                               0x080033db   Thumb Code    18  stm32f10x_tim.o(.text)
    TIM_InternalClockConfig                  0x080033ed   Thumb Code    12  stm32f10x_tim.o(.text)
    TIM_SelectInputTrigger                   0x080033f9   Thumb Code    18  stm32f10x_tim.o(.text)
    TIM_ITRxExternalClockConfig              0x0800340b   Thumb Code    24  stm32f10x_tim.o(.text)
    TIM_TIxExternalClockConfig               0x08003423   Thumb Code    62  stm32f10x_tim.o(.text)
    TIM_ETRConfig                            0x08003461   Thumb Code    28  stm32f10x_tim.o(.text)
    TIM_ETRClockMode1Config                  0x0800347d   Thumb Code    54  stm32f10x_tim.o(.text)
    TIM_ETRClockMode2Config                  0x080034b3   Thumb Code    32  stm32f10x_tim.o(.text)
    TIM_PrescalerConfig                      0x080034d3   Thumb Code     6  stm32f10x_tim.o(.text)
    TIM_CounterModeConfig                    0x080034d9   Thumb Code    18  stm32f10x_tim.o(.text)
    TIM_EncoderInterfaceConfig               0x080034eb   Thumb Code    66  stm32f10x_tim.o(.text)
    TIM_ForcedOC1Config                      0x0800352d   Thumb Code    18  stm32f10x_tim.o(.text)
    TIM_ForcedOC2Config                      0x0800353f   Thumb Code    26  stm32f10x_tim.o(.text)
    TIM_ForcedOC3Config                      0x08003559   Thumb Code    18  stm32f10x_tim.o(.text)
    TIM_ForcedOC4Config                      0x0800356b   Thumb Code    26  stm32f10x_tim.o(.text)
    TIM_ARRPreloadConfig                     0x08003585   Thumb Code    24  stm32f10x_tim.o(.text)
    TIM_SelectCOM                            0x0800359d   Thumb Code    24  stm32f10x_tim.o(.text)
    TIM_SelectCCDMA                          0x080035b5   Thumb Code    24  stm32f10x_tim.o(.text)
    TIM_CCPreloadControl                     0x080035cd   Thumb Code    24  stm32f10x_tim.o(.text)
    TIM_OC1PreloadConfig                     0x080035e5   Thumb Code    18  stm32f10x_tim.o(.text)
    TIM_OC2PreloadConfig                     0x080035f7   Thumb Code    26  stm32f10x_tim.o(.text)
    TIM_OC3PreloadConfig                     0x08003611   Thumb Code    18  stm32f10x_tim.o(.text)
    TIM_OC4PreloadConfig                     0x08003623   Thumb Code    26  stm32f10x_tim.o(.text)
    TIM_OC1FastConfig                        0x0800363d   Thumb Code    18  stm32f10x_tim.o(.text)
    TIM_OC2FastConfig                        0x0800364f   Thumb Code    26  stm32f10x_tim.o(.text)
    TIM_OC3FastConfig                        0x08003669   Thumb Code    18  stm32f10x_tim.o(.text)
    TIM_OC4FastConfig                        0x0800367b   Thumb Code    26  stm32f10x_tim.o(.text)
    TIM_ClearOC1Ref                          0x08003695   Thumb Code    18  stm32f10x_tim.o(.text)
    TIM_ClearOC2Ref                          0x080036a7   Thumb Code    24  stm32f10x_tim.o(.text)
    TIM_ClearOC3Ref                          0x080036bf   Thumb Code    18  stm32f10x_tim.o(.text)
    TIM_ClearOC4Ref                          0x080036d1   Thumb Code    24  stm32f10x_tim.o(.text)
    TIM_OC1PolarityConfig                    0x080036e9   Thumb Code    18  stm32f10x_tim.o(.text)
    TIM_OC1NPolarityConfig                   0x080036fb   Thumb Code    18  stm32f10x_tim.o(.text)
    TIM_OC2PolarityConfig                    0x0800370d   Thumb Code    26  stm32f10x_tim.o(.text)
    TIM_OC2NPolarityConfig                   0x08003727   Thumb Code    26  stm32f10x_tim.o(.text)
    TIM_OC3PolarityConfig                    0x08003741   Thumb Code    26  stm32f10x_tim.o(.text)
    TIM_OC3NPolarityConfig                   0x0800375b   Thumb Code    26  stm32f10x_tim.o(.text)
    TIM_OC4PolarityConfig                    0x08003775   Thumb Code    26  stm32f10x_tim.o(.text)
    TIM_CCxCmd                               0x0800378f   Thumb Code    30  stm32f10x_tim.o(.text)
    TIM_CCxNCmd                              0x080037ad   Thumb Code    30  stm32f10x_tim.o(.text)
    TIM_SelectOCxM                           0x080037cb   Thumb Code    82  stm32f10x_tim.o(.text)
    TIM_UpdateDisableConfig                  0x0800381d   Thumb Code    24  stm32f10x_tim.o(.text)
    TIM_UpdateRequestConfig                  0x08003835   Thumb Code    24  stm32f10x_tim.o(.text)
    TIM_SelectHallSensor                     0x0800384d   Thumb Code    24  stm32f10x_tim.o(.text)
    TIM_SelectOnePulseMode                   0x08003865   Thumb Code    18  stm32f10x_tim.o(.text)
    TIM_SelectOutputTrigger                  0x08003877   Thumb Code    18  stm32f10x_tim.o(.text)
    TIM_SelectSlaveMode                      0x08003889   Thumb Code    18  stm32f10x_tim.o(.text)
    TIM_SelectMasterSlaveMode                0x0800389b   Thumb Code    18  stm32f10x_tim.o(.text)
    TIM_SetCounter                           0x080038ad   Thumb Code     4  stm32f10x_tim.o(.text)
    TIM_SetAutoreload                        0x080038b1   Thumb Code     4  stm32f10x_tim.o(.text)
    TIM_SetCompare1                          0x080038b5   Thumb Code     4  stm32f10x_tim.o(.text)
    TIM_SetCompare2                          0x080038b9   Thumb Code     4  stm32f10x_tim.o(.text)
    TIM_SetCompare3                          0x080038bd   Thumb Code     4  stm32f10x_tim.o(.text)
    TIM_SetCompare4                          0x080038c1   Thumb Code     6  stm32f10x_tim.o(.text)
    TIM_SetClockDivision                     0x080038c7   Thumb Code    18  stm32f10x_tim.o(.text)
    TIM_GetCapture1                          0x080038d9   Thumb Code     6  stm32f10x_tim.o(.text)
    TIM_GetCapture2                          0x080038df   Thumb Code     6  stm32f10x_tim.o(.text)
    TIM_GetCapture3                          0x080038e5   Thumb Code     6  stm32f10x_tim.o(.text)
    TIM_GetCapture4                          0x080038eb   Thumb Code     8  stm32f10x_tim.o(.text)
    TIM_GetCounter                           0x080038f3   Thumb Code     6  stm32f10x_tim.o(.text)
    TIM_GetPrescaler                         0x080038f9   Thumb Code     6  stm32f10x_tim.o(.text)
    TIM_GetFlagStatus                        0x080038ff   Thumb Code    18  stm32f10x_tim.o(.text)
    TIM_ClearFlag                            0x08003911   Thumb Code     6  stm32f10x_tim.o(.text)
    TIM_GetITStatus                          0x08003917   Thumb Code    34  stm32f10x_tim.o(.text)
    TIM_ClearITPendingBit                    0x08003939   Thumb Code     6  stm32f10x_tim.o(.text)
    SystemInit                               0x08003a1f   Thumb Code    78  system_stm32f10x.o(.text)
    SystemCoreClockUpdate                    0x08003a6d   Thumb Code   142  system_stm32f10x.o(.text)
    Reset_Handler                            0x08003b21   Thumb Code     8  startup_stm32f10x_md.o(.text)
    ADC1_2_IRQHandler                        0x08003b3b   Thumb Code     0  startup_stm32f10x_md.o(.text)
    CAN1_RX1_IRQHandler                      0x08003b3b   Thumb Code     0  startup_stm32f10x_md.o(.text)
    CAN1_SCE_IRQHandler                      0x08003b3b   Thumb Code     0  startup_stm32f10x_md.o(.text)
    DMA1_Channel1_IRQHandler                 0x08003b3b   Thumb Code     0  startup_stm32f10x_md.o(.text)
    DMA1_Channel2_IRQHandler                 0x08003b3b   Thumb Code     0  startup_stm32f10x_md.o(.text)
    DMA1_Channel3_IRQHandler                 0x08003b3b   Thumb Code     0  startup_stm32f10x_md.o(.text)
    DMA1_Channel4_IRQHandler                 0x08003b3b   Thumb Code     0  startup_stm32f10x_md.o(.text)
    DMA1_Channel5_IRQHandler                 0x08003b3b   Thumb Code     0  startup_stm32f10x_md.o(.text)
    DMA1_Channel6_IRQHandler                 0x08003b3b   Thumb Code     0  startup_stm32f10x_md.o(.text)
    DMA1_Channel7_IRQHandler                 0x08003b3b   Thumb Code     0  startup_stm32f10x_md.o(.text)
    EXTI0_IRQHandler                         0x08003b3b   Thumb Code     0  startup_stm32f10x_md.o(.text)
    EXTI15_10_IRQHandler                     0x08003b3b   Thumb Code     0  startup_stm32f10x_md.o(.text)
    EXTI1_IRQHandler                         0x08003b3b   Thumb Code     0  startup_stm32f10x_md.o(.text)
    EXTI2_IRQHandler                         0x08003b3b   Thumb Code     0  startup_stm32f10x_md.o(.text)
    EXTI3_IRQHandler                         0x08003b3b   Thumb Code     0  startup_stm32f10x_md.o(.text)
    EXTI4_IRQHandler                         0x08003b3b   Thumb Code     0  startup_stm32f10x_md.o(.text)
    EXTI9_5_IRQHandler                       0x08003b3b   Thumb Code     0  startup_stm32f10x_md.o(.text)
    FLASH_IRQHandler                         0x08003b3b   Thumb Code     0  startup_stm32f10x_md.o(.text)
    I2C1_ER_IRQHandler                       0x08003b3b   Thumb Code     0  startup_stm32f10x_md.o(.text)
    I2C1_EV_IRQHandler                       0x08003b3b   Thumb Code     0  startup_stm32f10x_md.o(.text)
    I2C2_ER_IRQHandler                       0x08003b3b   Thumb Code     0  startup_stm32f10x_md.o(.text)
    I2C2_EV_IRQHandler                       0x08003b3b   Thumb Code     0  startup_stm32f10x_md.o(.text)
    PVD_IRQHandler                           0x08003b3b   Thumb Code     0  startup_stm32f10x_md.o(.text)
    RCC_IRQHandler                           0x08003b3b   Thumb Code     0  startup_stm32f10x_md.o(.text)
    RTCAlarm_IRQHandler                      0x08003b3b   Thumb Code     0  startup_stm32f10x_md.o(.text)
    RTC_IRQHandler                           0x08003b3b   Thumb Code     0  startup_stm32f10x_md.o(.text)
    SPI1_IRQHandler                          0x08003b3b   Thumb Code     0  startup_stm32f10x_md.o(.text)
    SPI2_IRQHandler                          0x08003b3b   Thumb Code     0  startup_stm32f10x_md.o(.text)
    TAMPER_IRQHandler                        0x08003b3b   Thumb Code     0  startup_stm32f10x_md.o(.text)
    TIM1_BRK_IRQHandler                      0x08003b3b   Thumb Code     0  startup_stm32f10x_md.o(.text)
    TIM1_CC_IRQHandler                       0x08003b3b   Thumb Code     0  startup_stm32f10x_md.o(.text)
    TIM1_TRG_COM_IRQHandler                  0x08003b3b   Thumb Code     0  startup_stm32f10x_md.o(.text)
    TIM1_UP_IRQHandler                       0x08003b3b   Thumb Code     0  startup_stm32f10x_md.o(.text)
    TIM3_IRQHandler                          0x08003b3b   Thumb Code     0  startup_stm32f10x_md.o(.text)
    TIM4_IRQHandler                          0x08003b3b   Thumb Code     0  startup_stm32f10x_md.o(.text)
    USART1_IRQHandler                        0x08003b3b   Thumb Code     0  startup_stm32f10x_md.o(.text)
    USART2_IRQHandler                        0x08003b3b   Thumb Code     0  startup_stm32f10x_md.o(.text)
    USART3_IRQHandler                        0x08003b3b   Thumb Code     0  startup_stm32f10x_md.o(.text)
    USBWakeUp_IRQHandler                     0x08003b3b   Thumb Code     0  startup_stm32f10x_md.o(.text)
    USB_HP_CAN1_TX_IRQHandler                0x08003b3b   Thumb Code     0  startup_stm32f10x_md.o(.text)
    USB_LP_CAN1_RX0_IRQHandler               0x08003b3b   Thumb Code     0  startup_stm32f10x_md.o(.text)
    WWDG_IRQHandler                          0x08003b3b   Thumb Code     0  startup_stm32f10x_md.o(.text)
    __user_initial_stackheap                 0x08003b3d   Thumb Code     0  startup_stm32f10x_md.o(.text)
    __2snprintf                              0x08003b61   Thumb Code    48  noretval__2snprintf.o(.text)
    _printf_truncate_signed                  0x08003b95   Thumb Code    18  _printf_truncate.o(.text)
    _printf_truncate_unsigned                0x08003ba7   Thumb Code    18  _printf_truncate.o(.text)
    _printf_int_dec                          0x08003bb9   Thumb Code   104  _printf_dec.o(.text)
    _printf_int_hex                          0x08003c31   Thumb Code    84  _printf_hex_int.o(.text)
    _printf_longlong_hex                     0x08003c31   Thumb Code     0  _printf_hex_int.o(.text)
    __printf                                 0x08003c89   Thumb Code   184  __printf_ss.o(.text)
    atoi                                     0x08003d41   Thumb Code    26  atoi.o(.text)
    strtok                                   0x08003d5d   Thumb Code     6  strtok.o(.text)
    strlen                                   0x08003d69   Thumb Code    62  strlen.o(.text)
    strncmp                                  0x08003da7   Thumb Code   150  strncmp.o(.text)
    __aeabi_memcpy                           0x08003e3d   Thumb Code     0  rt_memcpy_v6.o(.text)
    __rt_memcpy                              0x08003e3d   Thumb Code   138  rt_memcpy_v6.o(.text)
    _memcpy_lastbytes                        0x08003ea3   Thumb Code     0  rt_memcpy_v6.o(.text)
    __aeabi_memclr4                          0x08003ec7   Thumb Code     0  rt_memclr_w.o(.text)
    __aeabi_memclr8                          0x08003ec7   Thumb Code     0  rt_memclr_w.o(.text)
    __rt_memclr_w                            0x08003ec7   Thumb Code    78  rt_memclr_w.o(.text)
    _memset_w                                0x08003ecb   Thumb Code     0  rt_memclr_w.o(.text)
    __use_two_region_memory                  0x08003f15   Thumb Code     2  heapauxi.o(.text)
    __rt_heap_escrow$2region                 0x08003f17   Thumb Code     2  heapauxi.o(.text)
    __rt_heap_expand$2region                 0x08003f19   Thumb Code     2  heapauxi.o(.text)
    __aeabi_errno_addr                       0x08003f1d   Thumb Code     8  rt_errno_addr_intlibspace.o(.text)
    __errno$intlibspace                      0x08003f1d   Thumb Code     0  rt_errno_addr_intlibspace.o(.text)
    __rt_errno_addr$intlibspace              0x08003f1d   Thumb Code     0  rt_errno_addr_intlibspace.o(.text)
    _printf_int_common                       0x08003f25   Thumb Code   178  _printf_intcommon.o(.text)
    _printf_char_common                      0x08003fe3   Thumb Code    32  _printf_char_common.o(.text)
    _sputc                                   0x08004009   Thumb Code    10  _sputc.o(.text)
    _snputc                                  0x08004013   Thumb Code    16  _snputc.o(.text)
    strtol                                   0x08004023   Thumb Code   112  strtol.o(.text)
    __strtok_internal                        0x08004095   Thumb Code    64  strtok_int.o(.text)
    __aeabi_memcpy4                          0x080040d9   Thumb Code     0  rt_memcpy_w.o(.text)
    __aeabi_memcpy8                          0x080040d9   Thumb Code     0  rt_memcpy_w.o(.text)
    __rt_memcpy_w                            0x080040d9   Thumb Code   100  rt_memcpy_w.o(.text)
    _memcpy_lastbytes_aligned                0x08004121   Thumb Code     0  rt_memcpy_w.o(.text)
    __user_libspace                          0x0800413d   Thumb Code     8  libspace.o(.text)
    __user_perproc_libspace                  0x0800413d   Thumb Code     0  libspace.o(.text)
    __user_perthread_libspace                0x0800413d   Thumb Code     0  libspace.o(.text)
    __rt_ctype_table                         0x08004145   Thumb Code    16  rt_ctype_table.o(.text)
    _strtoul                                 0x08004155   Thumb Code   158  _strtoul.o(.text)
    strcspn                                  0x080041f3   Thumb Code    32  strcspn.o(.text)
    strspn                                   0x08004213   Thumb Code    28  strspn.o(.text)
    __user_setup_stackheap                   0x0800422f   Thumb Code    74  sys_stackheap_outer.o(.text)
    __rt_locale                              0x08004279   Thumb Code     8  rt_locale_intlibspace.o(.text)
    _chval                                   0x08004281   Thumb Code    28  _chval.o(.text)
    exit                                     0x0800429d   Thumb Code    18  exit.o(.text)
    strcmp                                   0x080042b1   Thumb Code   128  strcmpv7m.o(.text)
    _sys_exit                                0x08004331   Thumb Code     8  sys_exit.o(.text)
    __I$use$semihosting                      0x0800433d   Thumb Code     0  use_no_semi.o(.text)
    __use_no_semihosting_swi                 0x0800433d   Thumb Code     2  use_no_semi.o(.text)
    __semihosting_library_function           0x0800433f   Thumb Code     0  indicate_semi.o(.text)
    _get_lc_ctype                            0x08004341   Thumb Code    44  lc_ctype_c.o(locale$$code)
    Region$$Table$$Base                      0x08004464   Number         0  anon$$obj.o(Region$$Table)
    Region$$Table$$Limit                     0x08004484   Number         0  anon$$obj.o(Region$$Table)
    __ctype                                  0x08004491   Data           0  lc_ctype_c.o(locale$$data)
    Timer2_Counter                           0x20000000   Data           4  main.o(.data)
    W5500_Send_Delay_Counter                 0x20000004   Data           4  main.o(.data)
    W5500_P_Delay_Counter                    0x20000008   Data           4  main.o(.data)
    SetIP_Default                            0x2000000c   Data          48  main.o(.data)
    Gateway_IP                               0x2000003c   Data           4  w5500.o(.data)
    Sub_Mask                                 0x20000040   Data           4  w5500.o(.data)
    Phy_Addr                                 0x20000044   Data           6  w5500.o(.data)
    IP_Addr                                  0x2000004a   Data           4  w5500.o(.data)
    S0_Port                                  0x2000004e   Data           2  w5500.o(.data)
    S0_DIP                                   0x20000050   Data           4  w5500.o(.data)
    S0_DPort                                 0x20000054   Data           2  w5500.o(.data)
    UDP_DIPR                                 0x20000056   Data           4  w5500.o(.data)
    UDP_DPORT                                0x2000005a   Data           2  w5500.o(.data)
    S0_Mode                                  0x2000005c   Data           1  w5500.o(.data)
    S0_State                                 0x2000005d   Data           1  w5500.o(.data)
    S0_Data                                  0x2000005e   Data           1  w5500.o(.data)
    W5500_Interrupt                          0x2000005f   Data           1  w5500.o(.data)
    SystemCoreClock                          0x20000074   Data           4  system_stm32f10x.o(.data)
    AHBPrescTable                            0x20000078   Data          16  system_stm32f10x.o(.data)
    SetIP_User                               0x2000008c   Data          48  main.o(.bss)
    Command                                  0x200000bc   Data          30  main.o(.bss)
    Rx_Buffer                                0x200000da   Data        1024  w5500.o(.bss)
    Tx_Buffer                                0x200004da   Data        1024  w5500.o(.bss)
    STMFLASH_BUF                             0x200008da   Data        1024  stmflash.o(.bss)
    __libspace_start                         0x20000cdc   Data          96  libspace.o(.bss)
    __temporary_stack_top$libspace           0x20000d3c   Data           0  libspace.o(.bss)



==============================================================================

Memory Map of the image

  Image Entry point : 0x080000ed

  Load Region LR_IROM1 (Base: 0x08000000, Size: 0x00004620, Max: 0x00010000, ABSOLUTE)

    Execution Region ER_IROM1 (Base: 0x08000000, Size: 0x00004594, Max: 0x00010000, ABSOLUTE)

    Base Addr    Size         Type   Attr      Idx    E Section Name        Object

    0x08000000   0x000000ec   Data   RO          500    RESET               startup_stm32f10x_md.o
    0x080000ec   0x00000008   Code   RO          576  * !!!main             c_w.l(__main.o)
    0x080000f4   0x00000034   Code   RO          775    !!!scatter          c_w.l(__scatter.o)
    0x08000128   0x0000001a   Code   RO          777    !!handler_copy      c_w.l(__scatter_copy.o)
    0x08000142   0x00000002   PAD
    0x08000144   0x0000001c   Code   RO          779    !!handler_zi        c_w.l(__scatter_zi.o)
    0x08000160   0x00000000   Code   RO          560    .ARM.Collect$$_printf_percent$$00000000  c_w.l(_printf_percent.o)
    0x08000160   0x00000006   Code   RO          559    .ARM.Collect$$_printf_percent$$00000009  c_w.l(_printf_d.o)
    0x08000166   0x00000006   Code   RO          558    .ARM.Collect$$_printf_percent$$0000000C  c_w.l(_printf_x.o)
    0x0800016c   0x00000004   Code   RO          592    .ARM.Collect$$_printf_percent$$00000017  c_w.l(_printf_percent_end.o)
    0x08000170   0x00000002   Code   RO          646    .ARM.Collect$$libinit$$00000000  c_w.l(libinit.o)
    0x08000172   0x00000000   Code   RO          652    .ARM.Collect$$libinit$$00000002  c_w.l(libinit2.o)
    0x08000172   0x00000000   Code   RO          654    .ARM.Collect$$libinit$$00000004  c_w.l(libinit2.o)
    0x08000172   0x00000000   Code   RO          657    .ARM.Collect$$libinit$$0000000A  c_w.l(libinit2.o)
    0x08000172   0x00000000   Code   RO          659    .ARM.Collect$$libinit$$0000000C  c_w.l(libinit2.o)
    0x08000172   0x00000000   Code   RO          661    .ARM.Collect$$libinit$$0000000E  c_w.l(libinit2.o)
    0x08000172   0x00000006   Code   RO          662    .ARM.Collect$$libinit$$0000000F  c_w.l(libinit2.o)
    0x08000178   0x00000000   Code   RO          664    .ARM.Collect$$libinit$$00000011  c_w.l(libinit2.o)
    0x08000178   0x0000000c   Code   RO          665    .ARM.Collect$$libinit$$00000012  c_w.l(libinit2.o)
    0x08000184   0x00000000   Code   RO          666    .ARM.Collect$$libinit$$00000013  c_w.l(libinit2.o)
    0x08000184   0x00000000   Code   RO          668    .ARM.Collect$$libinit$$00000015  c_w.l(libinit2.o)
    0x08000184   0x00000000   Code   RO          670    .ARM.Collect$$libinit$$00000017  c_w.l(libinit2.o)
    0x08000184   0x00000000   Code   RO          672    .ARM.Collect$$libinit$$00000019  c_w.l(libinit2.o)
    0x08000184   0x00000000   Code   RO          674    .ARM.Collect$$libinit$$0000001B  c_w.l(libinit2.o)
    0x08000184   0x00000000   Code   RO          676    .ARM.Collect$$libinit$$0000001D  c_w.l(libinit2.o)
    0x08000184   0x00000000   Code   RO          678    .ARM.Collect$$libinit$$0000001F  c_w.l(libinit2.o)
    0x08000184   0x00000000   Code   RO          680    .ARM.Collect$$libinit$$00000021  c_w.l(libinit2.o)
    0x08000184   0x00000000   Code   RO          682    .ARM.Collect$$libinit$$00000023  c_w.l(libinit2.o)
    0x08000184   0x00000000   Code   RO          684    .ARM.Collect$$libinit$$00000025  c_w.l(libinit2.o)
    0x08000184   0x00000000   Code   RO          688    .ARM.Collect$$libinit$$0000002C  c_w.l(libinit2.o)
    0x08000184   0x00000000   Code   RO          690    .ARM.Collect$$libinit$$0000002E  c_w.l(libinit2.o)
    0x08000184   0x00000000   Code   RO          692    .ARM.Collect$$libinit$$00000030  c_w.l(libinit2.o)
    0x08000184   0x00000000   Code   RO          694    .ARM.Collect$$libinit$$00000032  c_w.l(libinit2.o)
    0x08000184   0x00000002   Code   RO          695    .ARM.Collect$$libinit$$00000033  c_w.l(libinit2.o)
    0x08000186   0x00000002   Code   RO          715    .ARM.Collect$$libshutdown$$00000000  c_w.l(libshutdown.o)
    0x08000188   0x00000000   Code   RO          728    .ARM.Collect$$libshutdown$$00000002  c_w.l(libshutdown2.o)
    0x08000188   0x00000000   Code   RO          730    .ARM.Collect$$libshutdown$$00000004  c_w.l(libshutdown2.o)
    0x08000188   0x00000000   Code   RO          733    .ARM.Collect$$libshutdown$$00000007  c_w.l(libshutdown2.o)
    0x08000188   0x00000000   Code   RO          736    .ARM.Collect$$libshutdown$$0000000A  c_w.l(libshutdown2.o)
    0x08000188   0x00000000   Code   RO          738    .ARM.Collect$$libshutdown$$0000000C  c_w.l(libshutdown2.o)
    0x08000188   0x00000000   Code   RO          741    .ARM.Collect$$libshutdown$$0000000F  c_w.l(libshutdown2.o)
    0x08000188   0x00000002   Code   RO          742    .ARM.Collect$$libshutdown$$00000010  c_w.l(libshutdown2.o)
    0x0800018a   0x00000000   Code   RO          578    .ARM.Collect$$rtentry$$00000000  c_w.l(__rtentry.o)
    0x0800018a   0x00000000   Code   RO          603    .ARM.Collect$$rtentry$$00000002  c_w.l(__rtentry2.o)
    0x0800018a   0x00000006   Code   RO          615    .ARM.Collect$$rtentry$$00000004  c_w.l(__rtentry4.o)
    0x08000190   0x00000000   Code   RO          605    .ARM.Collect$$rtentry$$00000009  c_w.l(__rtentry2.o)
    0x08000190   0x00000004   Code   RO          606    .ARM.Collect$$rtentry$$0000000A  c_w.l(__rtentry2.o)
    0x08000194   0x00000000   Code   RO          608    .ARM.Collect$$rtentry$$0000000C  c_w.l(__rtentry2.o)
    0x08000194   0x00000008   Code   RO          609    .ARM.Collect$$rtentry$$0000000D  c_w.l(__rtentry2.o)
    0x0800019c   0x00000002   Code   RO          647    .ARM.Collect$$rtexit$$00000000  c_w.l(rtexit.o)
    0x0800019e   0x00000000   Code   RO          697    .ARM.Collect$$rtexit$$00000002  c_w.l(rtexit2.o)
    0x0800019e   0x00000004   Code   RO          698    .ARM.Collect$$rtexit$$00000003  c_w.l(rtexit2.o)
    0x080001a2   0x00000006   Code   RO          699    .ARM.Collect$$rtexit$$00000004  c_w.l(rtexit2.o)
    0x080001a8   0x00000de8   Code   RO            1    .text               main.o
    0x08000f90   0x0000001a   Code   RO          123    .text               stm32f10x_it.o
    0x08000faa   0x00000002   PAD
    0x08000fac   0x00000950   Code   RO          138    .text               w5500.o
    0x080018fc   0x00000144   Code   RO          157    .text               stmflash.o
    0x08001a40   0x000000dc   Code   RO          172    .text               misc.o
    0x08001b1c   0x000005bc   Code   RO          292    .text               stm32f10x_flash.o
    0x080020d8   0x0000035c   Code   RO          316    .text               stm32f10x_gpio.o
    0x08002434   0x00000040   Code   RO          340    .text               stm32f10x_iwdg.o
    0x08002474   0x000003a4   Code   RO          364    .text               stm32f10x_rcc.o
    0x08002818   0x0000030c   Code   RO          402    .text               stm32f10x_spi.o
    0x08002b24   0x00000e1a   Code   RO          414    .text               stm32f10x_tim.o
    0x0800393e   0x00000002   PAD
    0x08003940   0x000001e0   Code   RO          461    .text               system_stm32f10x.o
    0x08003b20   0x00000040   Code   RO          501    .text               startup_stm32f10x_md.o
    0x08003b60   0x00000034   Code   RO          509    .text               c_w.l(noretval__2snprintf.o)
    0x08003b94   0x00000024   Code   RO          513    .text               c_w.l(_printf_truncate.o)
    0x08003bb8   0x00000078   Code   RO          515    .text               c_w.l(_printf_dec.o)
    0x08003c30   0x00000058   Code   RO          520    .text               c_w.l(_printf_hex_int.o)
    0x08003c88   0x000000b8   Code   RO          541    .text               c_w.l(__printf_ss.o)
    0x08003d40   0x0000001a   Code   RO          561    .text               c_w.l(atoi.o)
    0x08003d5a   0x00000002   PAD
    0x08003d5c   0x0000000c   Code   RO          563    .text               c_w.l(strtok.o)
    0x08003d68   0x0000003e   Code   RO          566    .text               c_w.l(strlen.o)
    0x08003da6   0x00000096   Code   RO          568    .text               c_w.l(strncmp.o)
    0x08003e3c   0x0000008a   Code   RO          570    .text               c_w.l(rt_memcpy_v6.o)
    0x08003ec6   0x0000004e   Code   RO          572    .text               c_w.l(rt_memclr_w.o)
    0x08003f14   0x00000006   Code   RO          574    .text               c_w.l(heapauxi.o)
    0x08003f1a   0x00000002   PAD
    0x08003f1c   0x00000008   Code   RO          582    .text               c_w.l(rt_errno_addr_intlibspace.o)
    0x08003f24   0x000000b2   Code   RO          584    .text               c_w.l(_printf_intcommon.o)
    0x08003fd6   0x00000002   PAD
    0x08003fd8   0x00000030   Code   RO          586    .text               c_w.l(_printf_char_common.o)
    0x08004008   0x0000000a   Code   RO          588    .text               c_w.l(_sputc.o)
    0x08004012   0x00000010   Code   RO          590    .text               c_w.l(_snputc.o)
    0x08004022   0x00000070   Code   RO          593    .text               c_w.l(strtol.o)
    0x08004092   0x00000002   PAD
    0x08004094   0x00000044   Code   RO          595    .text               c_w.l(strtok_int.o)
    0x080040d8   0x00000064   Code   RO          597    .text               c_w.l(rt_memcpy_w.o)
    0x0800413c   0x00000008   Code   RO          599    .text               c_w.l(libspace.o)
    0x08004144   0x00000010   Code   RO          617    .text               c_w.l(rt_ctype_table.o)
    0x08004154   0x0000009e   Code   RO          621    .text               c_w.l(_strtoul.o)
    0x080041f2   0x00000020   Code   RO          623    .text               c_w.l(strcspn.o)
    0x08004212   0x0000001c   Code   RO          625    .text               c_w.l(strspn.o)
    0x0800422e   0x0000004a   Code   RO          627    .text               c_w.l(sys_stackheap_outer.o)
    0x08004278   0x00000008   Code   RO          632    .text               c_w.l(rt_locale_intlibspace.o)
    0x08004280   0x0000001c   Code   RO          634    .text               c_w.l(_chval.o)
    0x0800429c   0x00000012   Code   RO          639    .text               c_w.l(exit.o)
    0x080042ae   0x00000002   PAD
    0x080042b0   0x00000080   Code   RO          649    .text               c_w.l(strcmpv7m.o)
    0x08004330   0x0000000c   Code   RO          707    .text               c_w.l(sys_exit.o)
    0x0800433c   0x00000002   Code   RO          718    .text               c_w.l(use_no_semi.o)
    0x0800433e   0x00000000   Code   RO          720    .text               c_w.l(indicate_semi.o)
    0x0800433e   0x00000002   PAD
    0x08004340   0x0000002c   Code   RO          637    locale$$code        c_w.l(lc_ctype_c.o)
    0x0800436c   0x00000028   Data   RO          521    .constdata          c_w.l(_printf_hex_int.o)
    0x08004394   0x000000ce   Data   RO            3    .conststring        main.o
    0x08004462   0x00000002   PAD
    0x08004464   0x00000020   Data   RO          773    Region$$Table       anon$$obj.o
    0x08004484   0x00000110   Data   RO          636    locale$$data        c_w.l(lc_ctype_c.o)


    Execution Region RW_IRAM1 (Base: 0x20000000, Size: 0x00001340, Max: 0x00005000, ABSOLUTE)

    Base Addr    Size         Type   Attr      Idx    E Section Name        Object

    0x20000000   0x0000003c   Data   RW            4    .data               main.o
    0x2000003c   0x00000024   Data   RW          140    .data               w5500.o
    0x20000060   0x00000014   Data   RW          365    .data               stm32f10x_rcc.o
    0x20000074   0x00000014   Data   RW          462    .data               system_stm32f10x.o
    0x20000088   0x00000004   Data   RW          564    .data               c_w.l(strtok.o)
    0x2000008c   0x0000004e   Zero   RW            2    .bss                main.o
    0x200000da   0x00000800   Zero   RW          139    .bss                w5500.o
    0x200008da   0x00000400   Zero   RW          158    .bss                stmflash.o
    0x20000cda   0x00000002   PAD
    0x20000cdc   0x00000060   Zero   RW          600    .bss                c_w.l(libspace.o)
    0x20000d3c   0x00000004   PAD
    0x20000d40   0x00000200   Zero   RW          499    HEAP                startup_stm32f10x_md.o
    0x20000f40   0x00000400   Zero   RW          498    STACK               startup_stm32f10x_md.o


==============================================================================

Image component sizes


      Code (inc. data)   RO Data    RW Data    ZI Data      Debug   Object Name

         0          0          0          0          0         32   core_cm3.o
      3560        314        206         60         78     267497   main.o
       220         22          0          0          0       1813   misc.o
        64         26        236          0       1536        844   startup_stm32f10x_md.o
      1468         34          0          0          0       8218   stm32f10x_flash.o
       860         38          0          0          0       5749   stm32f10x_gpio.o
        26          0          0          0          0       1246   stm32f10x_it.o
        64          6          0          0          0       1289   stm32f10x_iwdg.o
       932         36          0         20          0       8952   stm32f10x_rcc.o
       780         14          0          0          0       6626   stm32f10x_spi.o
      3610         88          0          0          0      22856   stm32f10x_tim.o
       324          8          0          0       1024       2702   stmflash.o
       480         38          0         20          0       1907   system_stm32f10x.o
      2384         82          0         36       2048      11396   w5500.o

    ----------------------------------------------------------------------
     14776        706        476        136       4688     341127   Object Totals
         0          0         32          0          0          0   (incl. Generated)
         4          0          2          0          2          0   (incl. Padding)

    ----------------------------------------------------------------------

      Code (inc. data)   RO Data    RW Data    ZI Data      Debug   Library Member Name

         8          0          0          0          0         68   __main.o
       184          0          0          0          0         84   __printf_ss.o
         0          0          0          0          0          0   __rtentry.o
        12          0          0          0          0          0   __rtentry2.o
         6          0          0          0          0          0   __rtentry4.o
        52          8          0          0          0          0   __scatter.o
        26          0          0          0          0          0   __scatter_copy.o
        28          0          0          0          0          0   __scatter_zi.o
        28          0          0          0          0         68   _chval.o
        48          6          0          0          0         96   _printf_char_common.o
         6          0          0          0          0          0   _printf_d.o
       120         16          0          0          0         92   _printf_dec.o
        88          4         40          0          0         88   _printf_hex_int.o
       178          0          0          0          0         88   _printf_intcommon.o
         0          0          0          0          0          0   _printf_percent.o
         4          0          0          0          0          0   _printf_percent_end.o
        36          0          0          0          0         84   _printf_truncate.o
         6          0          0          0          0          0   _printf_x.o
        16          0          0          0          0         68   _snputc.o
        10          0          0          0          0         68   _sputc.o
       158          0          0          0          0         92   _strtoul.o
        26          0          0          0          0         80   atoi.o
        18          0          0          0          0         80   exit.o
         6          0          0          0          0        152   heapauxi.o
         0          0          0          0          0          0   indicate_semi.o
        44         10        272          0          0         76   lc_ctype_c.o
         2          0          0          0          0          0   libinit.o
        20          0          0          0          0          0   libinit2.o
         2          0          0          0          0          0   libshutdown.o
         2          0          0          0          0          0   libshutdown2.o
         8          4          0          0         96         68   libspace.o
        52          4          0          0          0         84   noretval__2snprintf.o
        16          4          0          0          0         76   rt_ctype_table.o
         8          4          0          0          0         68   rt_errno_addr_intlibspace.o
         8          4          0          0          0         68   rt_locale_intlibspace.o
        78          0          0          0          0         80   rt_memclr_w.o
       138          0          0          0          0         68   rt_memcpy_v6.o
       100          0          0          0          0         80   rt_memcpy_w.o
         2          0          0          0          0          0   rtexit.o
        10          0          0          0          0          0   rtexit2.o
       128          0          0          0          0         68   strcmpv7m.o
        32          0          0          0          0         80   strcspn.o
        62          0          0          0          0         76   strlen.o
       150          0          0          0          0         80   strncmp.o
        28          0          0          0          0         80   strspn.o
        12          6          0          4          0         68   strtok.o
        68          4          0          0          0         84   strtok_int.o
       112          0          0          0          0         88   strtol.o
        12          4          0          0          0         68   sys_exit.o
        74          0          0          0          0         80   sys_stackheap_outer.o
         2          0          0          0          0         68   use_no_semi.o

    ----------------------------------------------------------------------
      2248         78        312          4        100       2716   Library Totals
        14          0          0          0          4          0   (incl. Padding)

    ----------------------------------------------------------------------

      Code (inc. data)   RO Data    RW Data    ZI Data      Debug   Library Name

      2234         78        312          4         96       2716   c_w.l

    ----------------------------------------------------------------------
      2248         78        312          4        100       2716   Library Totals

    ----------------------------------------------------------------------

==============================================================================


      Code (inc. data)   RO Data    RW Data    ZI Data      Debug   

     17024        784        788        140       4788     341083   Grand Totals
     17024        784        788        140       4788     341083   ELF Image Totals
     17024        784        788        140          0          0   ROM Totals

==============================================================================

    Total RO  Size (Code + RO Data)                17812 (  17.39kB)
    Total RW  Size (RW Data + ZI Data)              4928 (   4.81kB)
    Total ROM Size (Code + RO Data + RW Data)      17952 (  17.53kB)

==============================================================================

